[2025-07-11T02:44:21.271+0000][0.020s] Using G1
[2025-07-11T02:44:21.341+0000][0.090s] Version: 17.0.15+6 (release)
[2025-07-11T02:44:21.342+0000][0.091s] CPUs: 16 total, 16 available
[2025-07-11T02:44:21.342+0000][0.091s] Memory: 7586M
[2025-07-11T02:44:21.342+0000][0.091s] Large Page Support: Disabled
[2025-07-11T02:44:21.342+0000][0.091s] NUMA Support: Disabled
[2025-07-11T02:44:21.342+0000][0.091s] Compressed Oops: Enabled (32-bit)
[2025-07-11T02:44:21.342+0000][0.091s] Heap Region Size: 1M
[2025-07-11T02:44:21.342+0000][0.091s] Heap Min Capacity: 512M
[2025-07-11T02:44:21.343+0000][0.092s] Heap Initial Capacity: 512M
[2025-07-11T02:44:21.343+0000][0.092s] Heap Max Capacity: 512M
[2025-07-11T02:44:21.343+0000][0.092s] Pre-touch: Enabled
[2025-07-11T02:44:21.343+0000][0.092s] Parallel Workers: 13
[2025-07-11T02:44:21.343+0000][0.092s] Concurrent Workers: 3
[2025-07-11T02:44:21.343+0000][0.092s] Concurrent Refinement Workers: 13
[2025-07-11T02:44:21.343+0000][0.092s] Periodic GC: Disabled
[2025-07-11T02:44:21.352+0000][0.101s] CDS archive(s) mapped at: [0x00007fc62b000000-0x00007fc62ba62000-0x00007fc62ba62000), size 10887168, SharedBaseAddress: 0x00007fc62b000000, ArchiveRelocationMode: 1.
[2025-07-11T02:44:21.352+0000][0.101s] Compressed class space mapped at: 0x00007fc62c000000-0x00007fc66c000000, reserved size: 1073741824
[2025-07-11T02:44:21.352+0000][0.101s] Narrow klass base: 0x00007fc62b000000, Narrow klass shift: 0, Narrow klass range: 0x100000000
[2025-07-11T02:44:28.042+0000][9.556s] GC(0) Pause Young (Normal) (G1 Evacuation Pause)
[2025-07-11T02:44:28.042+0000][9.556s] GC(0) Using 12 workers of 13 for evacuation
[2025-07-11T02:44:28.048+0000][9.562s] GC(0)   Pre Evacuate Collection Set: 0.4ms
[2025-07-11T02:44:28.048+0000][9.563s] GC(0)   Merge Heap Roots: 0.3ms
[2025-07-11T02:44:28.048+0000][9.563s] GC(0)   Evacuate Collection Set: 4.4ms
[2025-07-11T02:44:28.048+0000][9.563s] GC(0)   Post Evacuate Collection Set: 1.0ms
[2025-07-11T02:44:28.048+0000][9.563s] GC(0)   Other: 0.2ms
[2025-07-11T02:44:28.048+0000][9.563s] GC(0) Eden regions: 29->0(60)
[2025-07-11T02:44:28.048+0000][9.563s] GC(0) Survivor regions: 0->4(4)
[2025-07-11T02:44:28.048+0000][9.563s] GC(0) Old regions: 0->0
[2025-07-11T02:44:28.048+0000][9.563s] GC(0) Archive regions: 2->2
[2025-07-11T02:44:28.048+0000][9.563s] GC(0) Humongous regions: 0->0
[2025-07-11T02:44:28.048+0000][9.563s] GC(0) Metaspace: 9554K(9856K)->9554K(9856K) NonClass: 8384K(8512K)->8384K(8512K) Class: 1170K(1344K)->1170K(1344K)
[2025-07-11T02:44:28.048+0000][9.563s] GC(0) Pause Young (Normal) (G1 Evacuation Pause) 29M->4M(512M) 6.459ms
[2025-07-11T02:44:28.048+0000][9.563s] GC(0) User=0.04s Sys=0.00s Real=0.01s
[2025-07-11T02:44:28.711+0000][10.226s] GC(1) Pause Young (Normal) (G1 Evacuation Pause)
[2025-07-11T02:44:28.711+0000][10.226s] GC(1) Using 13 workers of 13 for evacuation
[2025-07-11T02:44:28.720+0000][10.234s] GC(1)   Pre Evacuate Collection Set: 0.3ms
[2025-07-11T02:44:28.720+0000][10.234s] GC(1)   Merge Heap Roots: 0.3ms
[2025-07-11T02:44:28.720+0000][10.234s] GC(1)   Evacuate Collection Set: 6.1ms
[2025-07-11T02:44:28.720+0000][10.234s] GC(1)   Post Evacuate Collection Set: 1.4ms
[2025-07-11T02:44:28.720+0000][10.234s] GC(1)   Other: 0.2ms
[2025-07-11T02:44:28.720+0000][10.234s] GC(1) Eden regions: 60->0(125)
[2025-07-11T02:44:28.720+0000][10.234s] GC(1) Survivor regions: 4->8(8)
[2025-07-11T02:44:28.720+0000][10.234s] GC(1) Old regions: 0->6
[2025-07-11T02:44:28.720+0000][10.234s] GC(1) Archive regions: 2->2
[2025-07-11T02:44:28.720+0000][10.234s] GC(1) Humongous regions: 4->4
[2025-07-11T02:44:28.720+0000][10.234s] GC(1) Metaspace: 18068K(18368K)->18068K(18368K) NonClass: 15872K(16000K)->15872K(16000K) Class: 2195K(2368K)->2195K(2368K)
[2025-07-11T02:44:28.720+0000][10.234s] GC(1) Pause Young (Normal) (G1 Evacuation Pause) 68M->18M(512M) 8.472ms
[2025-07-11T02:44:28.720+0000][10.234s] GC(1) User=0.06s Sys=0.02s Real=0.01s
[2025-07-11T02:44:29.337+0000][10.852s] GC(2) Pause Young (Concurrent Start) (Metadata GC Threshold)
[2025-07-11T02:44:29.337+0000][10.852s] GC(2) Using 13 workers of 13 for evacuation
[2025-07-11T02:44:29.348+0000][10.862s] GC(2)   Pre Evacuate Collection Set: 0.4ms
[2025-07-11T02:44:29.348+0000][10.862s] GC(2)   Merge Heap Roots: 0.3ms
[2025-07-11T02:44:29.348+0000][10.862s] GC(2)   Evacuate Collection Set: 8.2ms
[2025-07-11T02:44:29.348+0000][10.862s] GC(2)   Post Evacuate Collection Set: 1.4ms
[2025-07-11T02:44:29.348+0000][10.862s] GC(2)   Other: 0.4ms
[2025-07-11T02:44:29.348+0000][10.862s] GC(2) Eden regions: 100->0(140)
[2025-07-11T02:44:29.348+0000][10.862s] GC(2) Survivor regions: 8->15(15)
[2025-07-11T02:44:29.348+0000][10.862s] GC(2) Old regions: 6->10
[2025-07-11T02:44:29.348+0000][10.862s] GC(2) Archive regions: 2->2
[2025-07-11T02:44:29.348+0000][10.862s] GC(2) Humongous regions: 5->4
[2025-07-11T02:44:29.348+0000][10.862s] GC(2) Metaspace: 21235K(21504K)->21235K(21504K) NonClass: 18667K(18816K)->18667K(18816K) Class: 2568K(2688K)->2568K(2688K)
[2025-07-11T02:44:29.348+0000][10.862s] GC(2) Pause Young (Concurrent Start) (Metadata GC Threshold) 119M->29M(512M) 10.828ms
[2025-07-11T02:44:29.348+0000][10.863s] GC(2) User=0.09s Sys=0.00s Real=0.01s
[2025-07-11T02:44:29.348+0000][10.863s] GC(3) Concurrent Mark Cycle
[2025-07-11T02:44:29.348+0000][10.863s] GC(3) Concurrent Clear Claimed Marks
[2025-07-11T02:44:29.348+0000][10.863s] GC(3) Concurrent Clear Claimed Marks 0.044ms
[2025-07-11T02:44:29.348+0000][10.863s] GC(3) Concurrent Scan Root Regions
[2025-07-11T02:44:29.351+0000][10.865s] GC(3) Concurrent Scan Root Regions 2.443ms
[2025-07-11T02:44:29.351+0000][10.865s] GC(3) Concurrent Mark
[2025-07-11T02:44:29.351+0000][10.865s] GC(3) Concurrent Mark From Roots
[2025-07-11T02:44:29.351+0000][10.865s] GC(3) Using 3 workers of 3 for marking
[2025-07-11T02:44:29.357+0000][10.871s] GC(3) Concurrent Mark From Roots 6.023ms
[2025-07-11T02:44:29.357+0000][10.871s] GC(3) Concurrent Preclean
[2025-07-11T02:44:29.357+0000][10.872s] GC(3) Concurrent Preclean 0.158ms
[2025-07-11T02:44:29.357+0000][10.872s] GC(3) Pause Remark
[2025-07-11T02:44:29.361+0000][10.875s] GC(3) Pause Remark 30M->30M(512M) 3.407ms
[2025-07-11T02:44:29.361+0000][10.875s] GC(3) User=0.02s Sys=0.00s Real=0.00s
[2025-07-11T02:44:29.361+0000][10.875s] GC(3) Concurrent Mark 10.088ms
[2025-07-11T02:44:29.361+0000][10.875s] GC(3) Concurrent Rebuild Remembered Sets
[2025-07-11T02:44:29.364+0000][10.878s] GC(3) Concurrent Rebuild Remembered Sets 2.641ms
[2025-07-11T02:44:29.364+0000][10.878s] GC(3) Pause Cleanup
[2025-07-11T02:44:29.364+0000][10.879s] GC(3) Pause Cleanup 30M->30M(512M) 0.452ms
[2025-07-11T02:44:29.364+0000][10.879s] GC(3) User=0.00s Sys=0.00s Real=0.00s
[2025-07-11T02:44:29.365+0000][10.879s] GC(3) Concurrent Cleanup for Next Mark
[2025-07-11T02:44:29.367+0000][10.881s] GC(3) Concurrent Cleanup for Next Mark 1.925ms
[2025-07-11T02:44:29.367+0000][10.881s] GC(3) Concurrent Mark Cycle 18.462ms
[2025-07-11T02:44:31.010+0000][12.524s] GC(4) Pause Young (Concurrent Start) (Metadata GC Threshold)
[2025-07-11T02:44:31.010+0000][12.524s] GC(4) Using 13 workers of 13 for evacuation
[2025-07-11T02:44:31.018+0000][12.533s] GC(4)   Pre Evacuate Collection Set: 0.4ms
[2025-07-11T02:44:31.018+0000][12.533s] GC(4)   Merge Heap Roots: 0.3ms
[2025-07-11T02:44:31.019+0000][12.533s] GC(4)   Evacuate Collection Set: 5.5ms
[2025-07-11T02:44:31.019+0000][12.533s] GC(4)   Post Evacuate Collection Set: 2.1ms
[2025-07-11T02:44:31.019+0000][12.533s] GC(4)   Other: 0.3ms
[2025-07-11T02:44:31.019+0000][12.533s] GC(4) Eden regions: 133->0(290)
[2025-07-11T02:44:31.019+0000][12.533s] GC(4) Survivor regions: 15->17(21)
[2025-07-11T02:44:31.019+0000][12.533s] GC(4) Old regions: 10->16
[2025-07-11T02:44:31.019+0000][12.533s] GC(4) Archive regions: 2->2
[2025-07-11T02:44:31.019+0000][12.533s] GC(4) Humongous regions: 5->4
[2025-07-11T02:44:31.019+0000][12.533s] GC(4) Metaspace: 35724K(36096K)->35724K(36096K) NonClass: 31299K(31488K)->31299K(31488K) Class: 4424K(4608K)->4424K(4608K)
[2025-07-11T02:44:31.019+0000][12.533s] GC(4) Pause Young (Concurrent Start) (Metadata GC Threshold) 163M->36M(512M) 8.805ms
[2025-07-11T02:44:31.019+0000][12.533s] GC(4) User=0.09s Sys=0.00s Real=0.01s
[2025-07-11T02:44:31.019+0000][12.533s] GC(5) Concurrent Mark Cycle
[2025-07-11T02:44:31.019+0000][12.533s] GC(5) Concurrent Clear Claimed Marks
[2025-07-11T02:44:31.019+0000][12.533s] GC(5) Concurrent Clear Claimed Marks 0.056ms
[2025-07-11T02:44:31.019+0000][12.533s] GC(5) Concurrent Scan Root Regions
[2025-07-11T02:44:31.021+0000][12.536s] GC(5) Concurrent Scan Root Regions 2.432ms
[2025-07-11T02:44:31.021+0000][12.536s] GC(5) Concurrent Mark
[2025-07-11T02:44:31.021+0000][12.536s] GC(5) Concurrent Mark From Roots
[2025-07-11T02:44:31.021+0000][12.536s] GC(5) Using 3 workers of 3 for marking
[2025-07-11T02:44:31.028+0000][12.542s] GC(5) Concurrent Mark From Roots 6.207ms
[2025-07-11T02:44:31.028+0000][12.542s] GC(5) Concurrent Preclean
[2025-07-11T02:44:31.028+0000][12.542s] GC(5) Concurrent Preclean 0.161ms
[2025-07-11T02:44:31.028+0000][12.543s] GC(5) Pause Remark
[2025-07-11T02:44:31.031+0000][12.545s] GC(5) Pause Remark 37M->37M(512M) 2.973ms
[2025-07-11T02:44:31.031+0000][12.546s] GC(5) User=0.02s Sys=0.00s Real=0.00s
[2025-07-11T02:44:31.031+0000][12.546s] GC(5) Concurrent Mark 10.005ms
[2025-07-11T02:44:31.031+0000][12.546s] GC(5) Concurrent Rebuild Remembered Sets
[2025-07-11T02:44:31.035+0000][12.549s] GC(5) Concurrent Rebuild Remembered Sets 3.403ms
[2025-07-11T02:44:31.035+0000][12.549s] GC(5) Pause Cleanup
[2025-07-11T02:44:31.035+0000][12.550s] GC(5) Pause Cleanup 37M->37M(512M) 0.332ms
[2025-07-11T02:44:31.035+0000][12.550s] GC(5) User=0.00s Sys=0.00s Real=0.00s
[2025-07-11T02:44:31.035+0000][12.550s] GC(5) Concurrent Cleanup for Next Mark
[2025-07-11T02:44:31.038+0000][12.552s] GC(5) Concurrent Cleanup for Next Mark 2.354ms
[2025-07-11T02:44:31.038+0000][12.552s] GC(5) Concurrent Mark Cycle 19.135ms
[2025-07-11T02:44:33.414+0000][14.929s] GC(6) Pause Young (Prepare Mixed) (G1 Evacuation Pause)
[2025-07-11T02:44:33.415+0000][14.929s] GC(6) Using 13 workers of 13 for evacuation
[2025-07-11T02:44:33.425+0000][14.939s] GC(6)   Pre Evacuate Collection Set: 0.3ms
[2025-07-11T02:44:33.425+0000][14.939s] GC(6)   Merge Heap Roots: 0.3ms
[2025-07-11T02:44:33.425+0000][14.939s] GC(6)   Evacuate Collection Set: 7.8ms
[2025-07-11T02:44:33.425+0000][14.939s] GC(6)   Post Evacuate Collection Set: 1.8ms
[2025-07-11T02:44:33.425+0000][14.939s] GC(6)   Other: 0.2ms
[2025-07-11T02:44:33.425+0000][14.939s] GC(6) Eden regions: 290->0(1)
[2025-07-11T02:44:33.425+0000][14.939s] GC(6) Survivor regions: 17->27(39)
[2025-07-11T02:44:33.425+0000][14.939s] GC(6) Old regions: 16->16
[2025-07-11T02:44:33.425+0000][14.939s] GC(6) Archive regions: 2->2
[2025-07-11T02:44:33.425+0000][14.939s] GC(6) Humongous regions: 9->6
[2025-07-11T02:44:33.425+0000][14.939s] GC(6) Metaspace: 52333K(52864K)->52333K(52864K) NonClass: 45658K(45952K)->45658K(45952K) Class: 6675K(6912K)->6675K(6912K)
[2025-07-11T02:44:33.425+0000][14.940s] GC(6) Pause Young (Prepare Mixed) (G1 Evacuation Pause) 331M->48M(512M) 10.578ms
[2025-07-11T02:44:33.425+0000][14.940s] GC(6) User=0.08s Sys=0.02s Real=0.01s
[2025-07-11T02:44:33.441+0000][14.955s] GC(7) Pause Young (Mixed) (G1 Evacuation Pause)
[2025-07-11T02:44:33.441+0000][14.955s] GC(7) Using 13 workers of 13 for evacuation
[2025-07-11T02:44:33.455+0000][14.970s] GC(7)   Pre Evacuate Collection Set: 0.5ms
[2025-07-11T02:44:33.456+0000][14.970s] GC(7)   Merge Heap Roots: 0.4ms
[2025-07-11T02:44:33.456+0000][14.970s] GC(7)   Evacuate Collection Set: 11.2ms
[2025-07-11T02:44:33.456+0000][14.970s] GC(7)   Post Evacuate Collection Set: 2.4ms
[2025-07-11T02:44:33.456+0000][14.970s] GC(7)   Other: 0.3ms
[2025-07-11T02:44:33.456+0000][14.970s] GC(7) Eden regions: 1->0(304)
[2025-07-11T02:44:33.456+0000][14.970s] GC(7) Survivor regions: 27->3(4)
[2025-07-11T02:44:33.456+0000][14.970s] GC(7) Old regions: 16->41
[2025-07-11T02:44:33.456+0000][14.970s] GC(7) Archive regions: 2->2
[2025-07-11T02:44:33.456+0000][14.970s] GC(7) Humongous regions: 6->6
[2025-07-11T02:44:33.456+0000][14.970s] GC(7) Metaspace: 52365K(52864K)->52365K(52864K) NonClass: 45688K(45952K)->45688K(45952K) Class: 6677K(6912K)->6677K(6912K)
[2025-07-11T02:44:33.456+0000][14.970s] GC(7) Pause Young (Mixed) (G1 Evacuation Pause) 49M->49M(512M) 15.261ms
[2025-07-11T02:44:33.456+0000][14.970s] GC(7) User=0.10s Sys=0.01s Real=0.02s
[2025-07-11T02:46:57.103+0000][172.232s] GC(8) Pause Young (Concurrent Start) (Metadata GC Threshold)
[2025-07-11T02:46:57.103+0000][172.233s] GC(8) Using 13 workers of 13 for evacuation
[2025-07-11T02:46:57.119+0000][172.248s] GC(8)   Pre Evacuate Collection Set: 0.8ms
[2025-07-11T02:46:57.119+0000][172.248s] GC(8)   Merge Heap Roots: 0.5ms
[2025-07-11T02:46:57.119+0000][172.248s] GC(8)   Evacuate Collection Set: 11.7ms
[2025-07-11T02:46:57.119+0000][172.248s] GC(8)   Post Evacuate Collection Set: 1.7ms
[2025-07-11T02:46:57.119+0000][172.248s] GC(8)   Other: 1.1ms
[2025-07-11T02:46:57.119+0000][172.248s] GC(8) Eden regions: 173->0(302)
[2025-07-11T02:46:57.119+0000][172.248s] GC(8) Survivor regions: 3->5(39)
[2025-07-11T02:46:57.119+0000][172.248s] GC(8) Old regions: 41->41
[2025-07-11T02:46:57.119+0000][172.248s] GC(8) Archive regions: 2->2
[2025-07-11T02:46:57.119+0000][172.248s] GC(8) Humongous regions: 6->6
[2025-07-11T02:46:57.119+0000][172.248s] GC(8) Metaspace: 59832K(60416K)->59832K(60416K) NonClass: 52250K(52544K)->52250K(52544K) Class: 7581K(7872K)->7581K(7872K)
[2025-07-11T02:46:57.119+0000][172.249s] GC(8) Pause Young (Concurrent Start) (Metadata GC Threshold) 222M->51M(512M) 16.096ms
[2025-07-11T02:46:57.119+0000][172.249s] GC(8) User=0.12s Sys=0.00s Real=0.02s
[2025-07-11T02:46:57.119+0000][172.249s] GC(9) Concurrent Mark Cycle
[2025-07-11T02:46:57.119+0000][172.249s] GC(9) Concurrent Clear Claimed Marks
[2025-07-11T02:46:57.119+0000][172.249s] GC(9) Concurrent Clear Claimed Marks 0.079ms
[2025-07-11T02:46:57.119+0000][172.249s] GC(9) Concurrent Scan Root Regions
[2025-07-11T02:46:57.123+0000][172.253s] GC(9) Concurrent Scan Root Regions 3.925ms
[2025-07-11T02:46:57.123+0000][172.253s] GC(9) Concurrent Mark
[2025-07-11T02:46:57.123+0000][172.253s] GC(9) Concurrent Mark From Roots
[2025-07-11T02:46:57.123+0000][172.253s] GC(9) Using 3 workers of 3 for marking
[2025-07-11T02:46:57.154+0000][172.283s] GC(9) Concurrent Mark From Roots 30.567ms
[2025-07-11T02:46:57.154+0000][172.283s] GC(9) Concurrent Preclean
[2025-07-11T02:46:57.154+0000][172.284s] GC(9) Concurrent Preclean 0.356ms
[2025-07-11T02:46:57.154+0000][172.284s] GC(9) Pause Remark
[2025-07-11T02:46:57.167+0000][172.296s] GC(9) Pause Remark 53M->53M(512M) 12.264ms
[2025-07-11T02:46:57.167+0000][172.297s] GC(9) User=0.08s Sys=0.00s Real=0.01s
[2025-07-11T02:46:57.167+0000][172.297s] GC(9) Concurrent Mark 44.274ms
[2025-07-11T02:46:57.167+0000][172.297s] GC(9) Concurrent Rebuild Remembered Sets
[2025-07-11T02:46:57.181+0000][172.310s] GC(9) Concurrent Rebuild Remembered Sets 13.256ms
[2025-07-11T02:46:57.183+0000][172.313s] GC(9) Pause Cleanup
[2025-07-11T02:46:57.184+0000][172.314s] GC(9) Pause Cleanup 53M->53M(512M) 1.217ms
[2025-07-11T02:46:57.184+0000][172.314s] GC(9) User=0.00s Sys=0.00s Real=0.00s
[2025-07-11T02:46:57.184+0000][172.314s] GC(9) Concurrent Cleanup for Next Mark
[2025-07-11T02:46:57.187+0000][172.316s] GC(9) Concurrent Cleanup for Next Mark 2.167ms
[2025-07-11T02:46:57.187+0000][172.316s] GC(9) Concurrent Mark Cycle 67.778ms
[2025-07-11T03:01:08.630+0000][1108.401s] Heap
[2025-07-11T03:01:08.631+0000][1108.402s]  garbage-first heap   total 524288K, used 110171K [0x00000000e0000000, 0x0000000100000000)
[2025-07-11T03:01:08.631+0000][1108.402s]   region size 1024K, 61 young (62464K), 5 survivors (5120K)
[2025-07-11T03:01:08.631+0000][1108.402s]  Metaspace       used 61084K, committed 61696K, reserved 1114112K
[2025-07-11T03:01:08.631+0000][1108.402s]   class space    used 7760K, committed 8064K, reserved 1048576K
