[2025-07-11T02:32:15.965+0000][0.008s] Using G1
[2025-07-11T02:32:16.025+0000][0.069s] Version: 17.0.15+6 (release)
[2025-07-11T02:32:16.025+0000][0.069s] CPUs: 16 total, 16 available
[2025-07-11T02:32:16.025+0000][0.069s] Memory: 7586M
[2025-07-11T02:32:16.025+0000][0.069s] Large Page Support: Disabled
[2025-07-11T02:32:16.025+0000][0.069s] NUMA Support: Disabled
[2025-07-11T02:32:16.025+0000][0.069s] Compressed Oops: Enabled (32-bit)
[2025-07-11T02:32:16.025+0000][0.069s] Heap Region Size: 1M
[2025-07-11T02:32:16.025+0000][0.069s] Heap Min Capacity: 512M
[2025-07-11T02:32:16.025+0000][0.069s] Heap Initial Capacity: 512M
[2025-07-11T02:32:16.025+0000][0.069s] Heap Max Capacity: 512M
[2025-07-11T02:32:16.025+0000][0.069s] Pre-touch: Enabled
[2025-07-11T02:32:16.025+0000][0.069s] Parallel Workers: 13
[2025-07-11T02:32:16.025+0000][0.069s] Concurrent Workers: 3
[2025-07-11T02:32:16.025+0000][0.069s] Concurrent Refinement Workers: 13
[2025-07-11T02:32:16.025+0000][0.069s] Periodic GC: Disabled
[2025-07-11T02:32:16.033+0000][0.076s] CDS archive(s) mapped at: [0x00007f9feb000000-0x00007f9feba62000-0x00007f9feba62000), size 10887168, SharedBaseAddress: 0x00007f9feb000000, ArchiveRelocationMode: 1.
[2025-07-11T02:32:16.033+0000][0.077s] Compressed class space mapped at: 0x00007f9fec000000-0x00007fa02c000000, reserved size: 1073741824
[2025-07-11T02:32:16.033+0000][0.077s] Narrow klass base: 0x00007f9feb000000, Narrow klass shift: 0, Narrow klass range: 0x100000000
[2025-07-11T02:32:25.740+0000][9.784s] GC(0) Pause Young (Normal) (G1 Evacuation Pause)
[2025-07-11T02:32:25.740+0000][9.784s] GC(0) Using 12 workers of 13 for evacuation
[2025-07-11T02:32:25.748+0000][9.792s] GC(0)   Pre Evacuate Collection Set: 0.5ms
[2025-07-11T02:32:25.748+0000][9.792s] GC(0)   Merge Heap Roots: 0.4ms
[2025-07-11T02:32:25.748+0000][9.792s] GC(0)   Evacuate Collection Set: 6.2ms
[2025-07-11T02:32:25.748+0000][9.792s] GC(0)   Post Evacuate Collection Set: 1.0ms
[2025-07-11T02:32:25.748+0000][9.792s] GC(0)   Other: 0.3ms
[2025-07-11T02:32:25.748+0000][9.792s] GC(0) Eden regions: 29->0(58)
[2025-07-11T02:32:25.748+0000][9.792s] GC(0) Survivor regions: 0->4(4)
[2025-07-11T02:32:25.748+0000][9.792s] GC(0) Old regions: 0->0
[2025-07-11T02:32:25.748+0000][9.792s] GC(0) Archive regions: 2->2
[2025-07-11T02:32:25.748+0000][9.792s] GC(0) Humongous regions: 0->0
[2025-07-11T02:32:25.748+0000][9.792s] GC(0) Metaspace: 9562K(9856K)->9562K(9856K) NonClass: 8391K(8512K)->8391K(8512K) Class: 1170K(1344K)->1170K(1344K)
[2025-07-11T02:32:25.748+0000][9.792s] GC(0) Pause Young (Normal) (G1 Evacuation Pause) 29M->4M(512M) 8.364ms
[2025-07-11T02:32:25.748+0000][9.792s] GC(0) User=0.04s Sys=0.01s Real=0.00s
[2025-07-11T02:32:26.472+0000][10.516s] GC(1) Pause Young (Normal) (G1 Evacuation Pause)
[2025-07-11T02:32:26.472+0000][10.516s] GC(1) Using 13 workers of 13 for evacuation
[2025-07-11T02:32:26.483+0000][10.527s] GC(1)   Pre Evacuate Collection Set: 0.5ms
[2025-07-11T02:32:26.483+0000][10.527s] GC(1)   Merge Heap Roots: 0.3ms
[2025-07-11T02:32:26.483+0000][10.527s] GC(1)   Evacuate Collection Set: 8.9ms
[2025-07-11T02:32:26.483+0000][10.527s] GC(1)   Post Evacuate Collection Set: 1.3ms
[2025-07-11T02:32:26.483+0000][10.527s] GC(1)   Other: 0.2ms
[2025-07-11T02:32:26.483+0000][10.527s] GC(1) Eden regions: 58->0(120)
[2025-07-11T02:32:26.483+0000][10.527s] GC(1) Survivor regions: 4->8(8)
[2025-07-11T02:32:26.483+0000][10.527s] GC(1) Old regions: 0->6
[2025-07-11T02:32:26.483+0000][10.527s] GC(1) Archive regions: 2->2
[2025-07-11T02:32:26.483+0000][10.527s] GC(1) Humongous regions: 4->4
[2025-07-11T02:32:26.483+0000][10.527s] GC(1) Metaspace: 18069K(18368K)->18069K(18368K) NonClass: 15873K(16000K)->15873K(16000K) Class: 2195K(2368K)->2195K(2368K)
[2025-07-11T02:32:26.483+0000][10.527s] GC(1) Pause Young (Normal) (G1 Evacuation Pause) 66M->18M(512M) 11.342ms
[2025-07-11T02:32:26.483+0000][10.527s] GC(1) User=0.09s Sys=0.01s Real=0.01s
[2025-07-11T02:32:26.909+0000][10.953s] GC(2) Pause Young (Concurrent Start) (Metadata GC Threshold)
[2025-07-11T02:32:26.909+0000][10.953s] GC(2) Using 13 workers of 13 for evacuation
[2025-07-11T02:32:26.918+0000][10.961s] GC(2)   Pre Evacuate Collection Set: 0.4ms
[2025-07-11T02:32:26.918+0000][10.962s] GC(2)   Merge Heap Roots: 0.3ms
[2025-07-11T02:32:26.918+0000][10.962s] GC(2)   Evacuate Collection Set: 6.3ms
[2025-07-11T02:32:26.918+0000][10.962s] GC(2)   Post Evacuate Collection Set: 1.2ms
[2025-07-11T02:32:26.918+0000][10.962s] GC(2)   Other: 0.4ms
[2025-07-11T02:32:26.918+0000][10.962s] GC(2) Eden regions: 76->0(146)
[2025-07-11T02:32:26.918+0000][10.962s] GC(2) Survivor regions: 8->11(13)
[2025-07-11T02:32:26.918+0000][10.962s] GC(2) Old regions: 6->9
[2025-07-11T02:32:26.918+0000][10.962s] GC(2) Archive regions: 2->2
[2025-07-11T02:32:26.918+0000][10.962s] GC(2) Humongous regions: 4->4
[2025-07-11T02:32:26.918+0000][10.962s] GC(2) Metaspace: 21274K(21504K)->21274K(21504K) NonClass: 18688K(18816K)->18688K(18816K) Class: 2585K(2688K)->2585K(2688K)
[2025-07-11T02:32:26.918+0000][10.962s] GC(2) Pause Young (Concurrent Start) (Metadata GC Threshold) 94M->24M(512M) 8.761ms
[2025-07-11T02:32:26.918+0000][10.962s] GC(2) User=0.07s Sys=0.01s Real=0.00s
[2025-07-11T02:32:26.918+0000][10.962s] GC(3) Concurrent Mark Cycle
[2025-07-11T02:32:26.918+0000][10.962s] GC(3) Concurrent Clear Claimed Marks
[2025-07-11T02:32:26.918+0000][10.962s] GC(3) Concurrent Clear Claimed Marks 0.050ms
[2025-07-11T02:32:26.918+0000][10.962s] GC(3) Concurrent Scan Root Regions
[2025-07-11T02:32:26.920+0000][10.964s] GC(3) Concurrent Scan Root Regions 2.347ms
[2025-07-11T02:32:26.920+0000][10.964s] GC(3) Concurrent Mark
[2025-07-11T02:32:26.920+0000][10.964s] GC(3) Concurrent Mark From Roots
[2025-07-11T02:32:26.920+0000][10.964s] GC(3) Using 3 workers of 3 for marking
[2025-07-11T02:32:26.927+0000][10.971s] GC(3) Concurrent Mark From Roots 6.538ms
[2025-07-11T02:32:26.927+0000][10.971s] GC(3) Concurrent Preclean
[2025-07-11T02:32:26.927+0000][10.971s] GC(3) Concurrent Preclean 0.135ms
[2025-07-11T02:32:26.927+0000][10.971s] GC(3) Pause Remark
[2025-07-11T02:32:26.930+0000][10.974s] GC(3) Pause Remark 24M->24M(512M) 2.984ms
[2025-07-11T02:32:26.931+0000][10.974s] GC(3) User=0.02s Sys=0.00s Real=0.01s
[2025-07-11T02:32:26.931+0000][10.975s] GC(3) Concurrent Mark 10.188ms
[2025-07-11T02:32:26.931+0000][10.975s] GC(3) Concurrent Rebuild Remembered Sets
[2025-07-11T02:32:26.933+0000][10.977s] GC(3) Concurrent Rebuild Remembered Sets 2.109ms
[2025-07-11T02:32:26.933+0000][10.977s] GC(3) Pause Cleanup
[2025-07-11T02:32:26.933+0000][10.977s] GC(3) Pause Cleanup 25M->25M(512M) 0.356ms
[2025-07-11T02:32:26.933+0000][10.977s] GC(3) User=0.01s Sys=0.00s Real=0.00s
[2025-07-11T02:32:26.934+0000][10.977s] GC(3) Concurrent Cleanup for Next Mark
[2025-07-11T02:32:26.936+0000][10.980s] GC(3) Concurrent Cleanup for Next Mark 2.387ms
[2025-07-11T02:32:26.936+0000][10.980s] GC(3) Concurrent Mark Cycle 18.144ms
[2025-07-11T02:32:28.658+0000][12.702s] GC(4) Pause Young (Concurrent Start) (Metadata GC Threshold)
[2025-07-11T02:32:28.658+0000][12.702s] GC(4) Using 13 workers of 13 for evacuation
[2025-07-11T02:32:28.667+0000][12.711s] GC(4)   Pre Evacuate Collection Set: 0.4ms
[2025-07-11T02:32:28.667+0000][12.711s] GC(4)   Merge Heap Roots: 0.3ms
[2025-07-11T02:32:28.667+0000][12.711s] GC(4)   Evacuate Collection Set: 5.7ms
[2025-07-11T02:32:28.667+0000][12.711s] GC(4)   Post Evacuate Collection Set: 2.1ms
[2025-07-11T02:32:28.667+0000][12.711s] GC(4)   Other: 0.3ms
[2025-07-11T02:32:28.667+0000][12.711s] GC(4) Eden regions: 143->0(290)
[2025-07-11T02:32:28.667+0000][12.711s] GC(4) Survivor regions: 11->17(22)
[2025-07-11T02:32:28.667+0000][12.711s] GC(4) Old regions: 9->9
[2025-07-11T02:32:28.667+0000][12.711s] GC(4) Archive regions: 2->2
[2025-07-11T02:32:28.667+0000][12.711s] GC(4) Humongous regions: 4->4
[2025-07-11T02:32:28.667+0000][12.711s] GC(4) Metaspace: 36015K(36416K)->36015K(36416K) NonClass: 31546K(31744K)->31546K(31744K) Class: 4469K(4672K)->4469K(4672K)
[2025-07-11T02:32:28.667+0000][12.711s] GC(4) Pause Young (Concurrent Start) (Metadata GC Threshold) 167M->29M(512M) 8.955ms
[2025-07-11T02:32:28.667+0000][12.711s] GC(4) User=0.08s Sys=0.01s Real=0.01s
[2025-07-11T02:32:28.667+0000][12.711s] GC(5) Concurrent Mark Cycle
[2025-07-11T02:32:28.667+0000][12.711s] GC(5) Concurrent Clear Claimed Marks
[2025-07-11T02:32:28.667+0000][12.711s] GC(5) Concurrent Clear Claimed Marks 0.047ms
[2025-07-11T02:32:28.667+0000][12.711s] GC(5) Concurrent Scan Root Regions
[2025-07-11T02:32:28.671+0000][12.715s] GC(5) Concurrent Scan Root Regions 3.895ms
[2025-07-11T02:32:28.671+0000][12.715s] GC(5) Concurrent Mark
[2025-07-11T02:32:28.671+0000][12.715s] GC(5) Concurrent Mark From Roots
[2025-07-11T02:32:28.671+0000][12.715s] GC(5) Using 3 workers of 3 for marking
[2025-07-11T02:32:28.678+0000][12.722s] GC(5) Concurrent Mark From Roots 7.108ms
[2025-07-11T02:32:28.679+0000][12.722s] GC(5) Concurrent Preclean
[2025-07-11T02:32:28.679+0000][12.723s] GC(5) Concurrent Preclean 0.205ms
[2025-07-11T02:32:28.680+0000][12.724s] GC(5) Pause Remark
[2025-07-11T02:32:28.683+0000][12.727s] GC(5) Pause Remark 31M->31M(512M) 2.877ms
[2025-07-11T02:32:28.683+0000][12.727s] GC(5) User=0.01s Sys=0.00s Real=0.00s
[2025-07-11T02:32:28.683+0000][12.727s] GC(5) Concurrent Mark 11.725ms
[2025-07-11T02:32:28.683+0000][12.727s] GC(5) Concurrent Rebuild Remembered Sets
[2025-07-11T02:32:28.686+0000][12.730s] GC(5) Concurrent Rebuild Remembered Sets 2.662ms
[2025-07-11T02:32:28.686+0000][12.730s] GC(5) Pause Cleanup
[2025-07-11T02:32:28.687+0000][12.730s] GC(5) Pause Cleanup 32M->32M(512M) 0.365ms
[2025-07-11T02:32:28.687+0000][12.730s] GC(5) User=0.00s Sys=0.00s Real=0.00s
[2025-07-11T02:32:28.687+0000][12.731s] GC(5) Concurrent Cleanup for Next Mark
[2025-07-11T02:32:28.690+0000][12.734s] GC(5) Concurrent Cleanup for Next Mark 3.494ms
[2025-07-11T02:32:28.691+0000][12.734s] GC(5) Concurrent Mark Cycle 23.294ms
[2025-07-11T02:32:31.162+0000][15.206s] Heap
[2025-07-11T02:32:31.162+0000][15.206s]  garbage-first heap   total 524288K, used 117099K [0x00000000e0000000, 0x0000000100000000)
[2025-07-11T02:32:31.162+0000][15.206s]   region size 1024K, 102 young (104448K), 17 survivors (17408K)
[2025-07-11T02:32:31.162+0000][15.206s]  Metaspace       used 44901K, committed 45376K, reserved 1114112K
[2025-07-11T02:32:31.162+0000][15.206s]   class space    used 5749K, committed 6016K, reserved 1048576K
