[2025-07-11T02:33:17.996+0000][0.008s] Using G1
[2025-07-11T02:33:18.081+0000][0.092s] Version: 17.0.15+6 (release)
[2025-07-11T02:33:18.081+0000][0.092s] CPUs: 16 total, 16 available
[2025-07-11T02:33:18.081+0000][0.093s] Memory: 7586M
[2025-07-11T02:33:18.081+0000][0.093s] Large Page Support: Disabled
[2025-07-11T02:33:18.081+0000][0.093s] NUMA Support: Disabled
[2025-07-11T02:33:18.081+0000][0.093s] Compressed Oops: Enabled (32-bit)
[2025-07-11T02:33:18.081+0000][0.093s] Heap Region Size: 1M
[2025-07-11T02:33:18.081+0000][0.093s] Heap Min Capacity: 512M
[2025-07-11T02:33:18.081+0000][0.093s] Heap Initial Capacity: 512M
[2025-07-11T02:33:18.081+0000][0.093s] Heap Max Capacity: 512M
[2025-07-11T02:33:18.081+0000][0.093s] Pre-touch: Enabled
[2025-07-11T02:33:18.081+0000][0.093s] Parallel Workers: 13
[2025-07-11T02:33:18.081+0000][0.093s] Concurrent Workers: 3
[2025-07-11T02:33:18.081+0000][0.093s] Concurrent Refinement Workers: 13
[2025-07-11T02:33:18.081+0000][0.093s] Periodic GC: Disabled
[2025-07-11T02:33:18.087+0000][0.099s] CDS archive(s) mapped at: [0x00007f5f5f000000-0x00007f5f5fa62000-0x00007f5f5fa62000), size 10887168, SharedBaseAddress: 0x00007f5f5f000000, ArchiveRelocationMode: 1.
[2025-07-11T02:33:18.087+0000][0.099s] Compressed class space mapped at: 0x00007f5f60000000-0x00007f5fa0000000, reserved size: 1073741824
[2025-07-11T02:33:18.087+0000][0.099s] Narrow klass base: 0x00007f5f5f000000, Narrow klass shift: 0, Narrow klass range: 0x100000000
[2025-07-11T02:33:27.132+0000][9.144s] GC(0) Pause Young (Normal) (G1 Evacuation Pause)
[2025-07-11T02:33:27.132+0000][9.144s] GC(0) Using 12 workers of 13 for evacuation
[2025-07-11T02:33:27.138+0000][9.150s] GC(0)   Pre Evacuate Collection Set: 0.3ms
[2025-07-11T02:33:27.138+0000][9.150s] GC(0)   Merge Heap Roots: 0.3ms
[2025-07-11T02:33:27.138+0000][9.150s] GC(0)   Evacuate Collection Set: 3.8ms
[2025-07-11T02:33:27.138+0000][9.150s] GC(0)   Post Evacuate Collection Set: 1.1ms
[2025-07-11T02:33:27.138+0000][9.150s] GC(0)   Other: 0.3ms
[2025-07-11T02:33:27.138+0000][9.150s] GC(0) Eden regions: 29->0(60)
[2025-07-11T02:33:27.138+0000][9.150s] GC(0) Survivor regions: 0->4(4)
[2025-07-11T02:33:27.138+0000][9.150s] GC(0) Old regions: 0->0
[2025-07-11T02:33:27.138+0000][9.150s] GC(0) Archive regions: 2->2
[2025-07-11T02:33:27.138+0000][9.150s] GC(0) Humongous regions: 0->0
[2025-07-11T02:33:27.138+0000][9.150s] GC(0) Metaspace: 9567K(9856K)->9567K(9856K) NonClass: 8396K(8512K)->8396K(8512K) Class: 1170K(1344K)->1170K(1344K)
[2025-07-11T02:33:27.138+0000][9.150s] GC(0) Pause Young (Normal) (G1 Evacuation Pause) 29M->4M(512M) 5.956ms
[2025-07-11T02:33:27.138+0000][9.150s] GC(0) User=0.01s Sys=0.01s Real=0.01s
[2025-07-11T02:33:27.903+0000][9.914s] GC(1) Pause Young (Normal) (G1 Evacuation Pause)
[2025-07-11T02:33:27.903+0000][9.914s] GC(1) Using 13 workers of 13 for evacuation
[2025-07-11T02:33:27.911+0000][9.922s] GC(1)   Pre Evacuate Collection Set: 0.5ms
[2025-07-11T02:33:27.911+0000][9.922s] GC(1)   Merge Heap Roots: 0.3ms
[2025-07-11T02:33:27.911+0000][9.922s] GC(1)   Evacuate Collection Set: 5.9ms
[2025-07-11T02:33:27.911+0000][9.922s] GC(1)   Post Evacuate Collection Set: 1.2ms
[2025-07-11T02:33:27.911+0000][9.922s] GC(1)   Other: 0.3ms
[2025-07-11T02:33:27.911+0000][9.922s] GC(1) Eden regions: 60->0(125)
[2025-07-11T02:33:27.911+0000][9.922s] GC(1) Survivor regions: 4->8(8)
[2025-07-11T02:33:27.911+0000][9.922s] GC(1) Old regions: 0->7
[2025-07-11T02:33:27.911+0000][9.922s] GC(1) Archive regions: 2->2
[2025-07-11T02:33:27.911+0000][9.922s] GC(1) Humongous regions: 4->4
[2025-07-11T02:33:27.911+0000][9.922s] GC(1) Metaspace: 18060K(18368K)->18060K(18368K) NonClass: 15866K(16000K)->15866K(16000K) Class: 2194K(2368K)->2194K(2368K)
[2025-07-11T02:33:27.911+0000][9.922s] GC(1) Pause Young (Normal) (G1 Evacuation Pause) 68M->18M(512M) 8.248ms
[2025-07-11T02:33:27.911+0000][9.922s] GC(1) User=0.04s Sys=0.01s Real=0.00s
[2025-07-11T02:33:28.324+0000][10.336s] GC(2) Pause Young (Concurrent Start) (Metadata GC Threshold)
[2025-07-11T02:33:28.324+0000][10.336s] GC(2) Using 13 workers of 13 for evacuation
[2025-07-11T02:33:28.331+0000][10.343s] GC(2)   Pre Evacuate Collection Set: 0.4ms
[2025-07-11T02:33:28.331+0000][10.343s] GC(2)   Merge Heap Roots: 0.3ms
[2025-07-11T02:33:28.331+0000][10.343s] GC(2)   Evacuate Collection Set: 5.0ms
[2025-07-11T02:33:28.331+0000][10.343s] GC(2)   Post Evacuate Collection Set: 1.4ms
[2025-07-11T02:33:28.331+0000][10.343s] GC(2)   Other: 0.3ms
[2025-07-11T02:33:28.331+0000][10.343s] GC(2) Eden regions: 75->0(231)
[2025-07-11T02:33:28.331+0000][10.343s] GC(2) Survivor regions: 8->11(14)
[2025-07-11T02:33:28.331+0000][10.343s] GC(2) Old regions: 7->9
[2025-07-11T02:33:28.331+0000][10.343s] GC(2) Archive regions: 2->2
[2025-07-11T02:33:28.331+0000][10.343s] GC(2) Humongous regions: 4->4
[2025-07-11T02:33:28.331+0000][10.343s] GC(2) Metaspace: 21269K(21504K)->21269K(21504K) NonClass: 18684K(18816K)->18684K(18816K) Class: 2584K(2688K)->2584K(2688K)
[2025-07-11T02:33:28.331+0000][10.343s] GC(2) Pause Young (Concurrent Start) (Metadata GC Threshold) 93M->23M(512M) 7.452ms
[2025-07-11T02:33:28.332+0000][10.343s] GC(2) User=0.02s Sys=0.00s Real=0.00s
[2025-07-11T02:33:28.332+0000][10.343s] GC(3) Concurrent Mark Cycle
[2025-07-11T02:33:28.332+0000][10.343s] GC(3) Concurrent Clear Claimed Marks
[2025-07-11T02:33:28.332+0000][10.343s] GC(3) Concurrent Clear Claimed Marks 0.056ms
[2025-07-11T02:33:28.332+0000][10.343s] GC(3) Concurrent Scan Root Regions
[2025-07-11T02:33:28.334+0000][10.346s] GC(3) Concurrent Scan Root Regions 2.391ms
[2025-07-11T02:33:28.334+0000][10.346s] GC(3) Concurrent Mark
[2025-07-11T02:33:28.334+0000][10.346s] GC(3) Concurrent Mark From Roots
[2025-07-11T02:33:28.334+0000][10.346s] GC(3) Using 3 workers of 3 for marking
[2025-07-11T02:33:28.343+0000][10.354s] GC(3) Concurrent Mark From Roots 8.423ms
[2025-07-11T02:33:28.343+0000][10.354s] GC(3) Concurrent Preclean
[2025-07-11T02:33:28.343+0000][10.354s] GC(3) Concurrent Preclean 0.126ms
[2025-07-11T02:33:28.343+0000][10.355s] GC(3) Pause Remark
[2025-07-11T02:33:28.346+0000][10.358s] GC(3) Pause Remark 24M->24M(512M) 3.349ms
[2025-07-11T02:33:28.347+0000][10.358s] GC(3) User=0.01s Sys=0.01s Real=0.00s
[2025-07-11T02:33:28.347+0000][10.358s] GC(3) Concurrent Mark 12.529ms
[2025-07-11T02:33:28.347+0000][10.358s] GC(3) Concurrent Rebuild Remembered Sets
[2025-07-11T02:33:28.350+0000][10.361s] GC(3) Concurrent Rebuild Remembered Sets 2.824ms
[2025-07-11T02:33:28.350+0000][10.362s] GC(3) Pause Cleanup
[2025-07-11T02:33:28.350+0000][10.362s] GC(3) Pause Cleanup 24M->24M(512M) 0.501ms
[2025-07-11T02:33:28.351+0000][10.362s] GC(3) User=0.00s Sys=0.00s Real=0.00s
[2025-07-11T02:33:28.351+0000][10.362s] GC(3) Concurrent Cleanup for Next Mark
[2025-07-11T02:33:28.351+0000][10.363s] GC(3) Concurrent Cleanup for Next Mark 0.531ms
[2025-07-11T02:33:28.351+0000][10.363s] GC(3) Concurrent Mark Cycle 19.648ms
