[2025-07-11T02:33:03.751+0000][0.007s] Using G1
[2025-07-11T02:33:03.811+0000][0.067s] Version: 17.0.15+6 (release)
[2025-07-11T02:33:03.811+0000][0.068s] CPUs: 16 total, 16 available
[2025-07-11T02:33:03.811+0000][0.068s] Memory: 7586M
[2025-07-11T02:33:03.811+0000][0.068s] Large Page Support: Disabled
[2025-07-11T02:33:03.812+0000][0.068s] NUMA Support: Disabled
[2025-07-11T02:33:03.812+0000][0.068s] Compressed Oops: Enabled (32-bit)
[2025-07-11T02:33:03.812+0000][0.068s] Heap Region Size: 1M
[2025-07-11T02:33:03.812+0000][0.068s] Heap Min Capacity: 512M
[2025-07-11T02:33:03.812+0000][0.068s] Heap Initial Capacity: 512M
[2025-07-11T02:33:03.812+0000][0.068s] Heap Max Capacity: 512M
[2025-07-11T02:33:03.812+0000][0.068s] Pre-touch: Enabled
[2025-07-11T02:33:03.812+0000][0.068s] Parallel Workers: 13
[2025-07-11T02:33:03.812+0000][0.068s] Concurrent Workers: 3
[2025-07-11T02:33:03.812+0000][0.068s] Concurrent Refinement Workers: 13
[2025-07-11T02:33:03.812+0000][0.068s] Periodic GC: Disabled
[2025-07-11T02:33:03.819+0000][0.076s] CDS archive(s) mapped at: [0x00007f97bf000000-0x00007f97bfa62000-0x00007f97bfa62000), size 10887168, SharedBaseAddress: 0x00007f97bf000000, ArchiveRelocationMode: 1.
[2025-07-11T02:33:03.819+0000][0.076s] Compressed class space mapped at: 0x00007f97c0000000-0x00007f9800000000, reserved size: 1073741824
[2025-07-11T02:33:03.819+0000][0.076s] Narrow klass base: 0x00007f97bf000000, Narrow klass shift: 0, Narrow klass range: 0x100000000
[2025-07-11T02:33:10.316+0000][9.297s] GC(0) Pause Young (Normal) (G1 Evacuation Pause)
[2025-07-11T02:33:10.316+0000][9.297s] GC(0) Using 12 workers of 13 for evacuation
[2025-07-11T02:33:10.334+0000][9.315s] GC(0)   Pre Evacuate Collection Set: 0.3ms
[2025-07-11T02:33:10.334+0000][9.315s] GC(0)   Merge Heap Roots: 0.5ms
[2025-07-11T02:33:10.334+0000][9.315s] GC(0)   Evacuate Collection Set: 15.3ms
[2025-07-11T02:33:10.334+0000][9.315s] GC(0)   Post Evacuate Collection Set: 1.4ms
[2025-07-11T02:33:10.334+0000][9.315s] GC(0)   Other: 0.2ms
[2025-07-11T02:33:10.334+0000][9.315s] GC(0) Eden regions: 29->0(56)
[2025-07-11T02:33:10.334+0000][9.315s] GC(0) Survivor regions: 0->4(4)
[2025-07-11T02:33:10.334+0000][9.315s] GC(0) Old regions: 0->0
[2025-07-11T02:33:10.334+0000][9.315s] GC(0) Archive regions: 2->2
[2025-07-11T02:33:10.334+0000][9.315s] GC(0) Humongous regions: 0->0
[2025-07-11T02:33:10.334+0000][9.315s] GC(0) Metaspace: 9448K(9728K)->9448K(9728K) NonClass: 8292K(8384K)->8292K(8384K) Class: 1156K(1344K)->1156K(1344K)
[2025-07-11T02:33:10.334+0000][9.315s] GC(0) Pause Young (Normal) (G1 Evacuation Pause) 29M->4M(512M) 17.941ms
[2025-07-11T02:33:10.334+0000][9.315s] GC(0) User=0.12s Sys=0.00s Real=0.02s
[2025-07-11T02:33:11.063+0000][10.044s] GC(1) Pause Young (Normal) (G1 Evacuation Pause)
[2025-07-11T02:33:11.063+0000][10.044s] GC(1) Using 13 workers of 13 for evacuation
[2025-07-11T02:33:11.073+0000][10.054s] GC(1)   Pre Evacuate Collection Set: 0.4ms
[2025-07-11T02:33:11.073+0000][10.054s] GC(1)   Merge Heap Roots: 0.3ms
[2025-07-11T02:33:11.073+0000][10.054s] GC(1)   Evacuate Collection Set: 8.0ms
[2025-07-11T02:33:11.073+0000][10.054s] GC(1)   Post Evacuate Collection Set: 1.4ms
[2025-07-11T02:33:11.073+0000][10.054s] GC(1)   Other: 0.2ms
[2025-07-11T02:33:11.073+0000][10.054s] GC(1) Eden regions: 56->0(125)
[2025-07-11T02:33:11.073+0000][10.054s] GC(1) Survivor regions: 4->8(8)
[2025-07-11T02:33:11.073+0000][10.054s] GC(1) Old regions: 0->7
[2025-07-11T02:33:11.073+0000][10.054s] GC(1) Archive regions: 2->2
[2025-07-11T02:33:11.073+0000][10.054s] GC(1) Humongous regions: 4->4
[2025-07-11T02:33:11.073+0000][10.054s] GC(1) Metaspace: 18049K(18368K)->18049K(18368K) NonClass: 15855K(16000K)->15855K(16000K) Class: 2193K(2368K)->2193K(2368K)
[2025-07-11T02:33:11.073+0000][10.054s] GC(1) Pause Young (Normal) (G1 Evacuation Pause) 64M->18M(512M) 10.545ms
[2025-07-11T02:33:11.073+0000][10.054s] GC(1) User=0.05s Sys=0.05s Real=0.01s
[2025-07-11T02:33:11.549+0000][10.529s] GC(2) Pause Young (Concurrent Start) (Metadata GC Threshold)
[2025-07-11T02:33:11.549+0000][10.530s] GC(2) Using 13 workers of 13 for evacuation
[2025-07-11T02:33:11.558+0000][10.539s] GC(2)   Pre Evacuate Collection Set: 0.3ms
[2025-07-11T02:33:11.559+0000][10.539s] GC(2)   Merge Heap Roots: 0.3ms
[2025-07-11T02:33:11.559+0000][10.539s] GC(2)   Evacuate Collection Set: 7.7ms
[2025-07-11T02:33:11.559+0000][10.539s] GC(2)   Post Evacuate Collection Set: 1.1ms
[2025-07-11T02:33:11.559+0000][10.539s] GC(2)   Other: 0.4ms
[2025-07-11T02:33:11.559+0000][10.539s] GC(2) Eden regions: 82->0(296)
[2025-07-11T02:33:11.559+0000][10.539s] GC(2) Survivor regions: 8->11(15)
[2025-07-11T02:33:11.559+0000][10.539s] GC(2) Old regions: 7->9
[2025-07-11T02:33:11.559+0000][10.539s] GC(2) Archive regions: 2->2
[2025-07-11T02:33:11.559+0000][10.539s] GC(2) Humongous regions: 4->4
[2025-07-11T02:33:11.559+0000][10.539s] GC(2) Metaspace: 21273K(21504K)->21273K(21504K) NonClass: 18689K(18816K)->18689K(18816K) Class: 2584K(2688K)->2584K(2688K)
[2025-07-11T02:33:11.559+0000][10.539s] GC(2) Pause Young (Concurrent Start) (Metadata GC Threshold) 100M->24M(512M) 10.053ms
[2025-07-11T02:33:11.559+0000][10.539s] GC(2) User=0.09s Sys=0.00s Real=0.01s
[2025-07-11T02:33:11.559+0000][10.540s] GC(3) Concurrent Mark Cycle
[2025-07-11T02:33:11.559+0000][10.540s] GC(3) Concurrent Clear Claimed Marks
[2025-07-11T02:33:11.559+0000][10.540s] GC(3) Concurrent Clear Claimed Marks 0.036ms
[2025-07-11T02:33:11.559+0000][10.540s] GC(3) Concurrent Scan Root Regions
[2025-07-11T02:33:11.561+0000][10.542s] GC(3) Concurrent Scan Root Regions 2.641ms
[2025-07-11T02:33:11.561+0000][10.542s] GC(3) Concurrent Mark
[2025-07-11T02:33:11.562+0000][10.542s] GC(3) Concurrent Mark From Roots
[2025-07-11T02:33:11.562+0000][10.542s] GC(3) Using 3 workers of 3 for marking
[2025-07-11T02:33:11.568+0000][10.549s] GC(3) Concurrent Mark From Roots 6.361ms
[2025-07-11T02:33:11.568+0000][10.549s] GC(3) Concurrent Preclean
[2025-07-11T02:33:11.568+0000][10.549s] GC(3) Concurrent Preclean 0.152ms
[2025-07-11T02:33:11.568+0000][10.549s] GC(3) Pause Remark
[2025-07-11T02:33:11.572+0000][10.553s] GC(3) Pause Remark 24M->24M(512M) 3.602ms
[2025-07-11T02:33:11.572+0000][10.553s] GC(3) User=0.01s Sys=0.01s Real=0.01s
[2025-07-11T02:33:11.572+0000][10.553s] GC(3) Concurrent Mark 10.496ms
[2025-07-11T02:33:11.572+0000][10.553s] GC(3) Concurrent Rebuild Remembered Sets
[2025-07-11T02:33:11.574+0000][10.555s] GC(3) Concurrent Rebuild Remembered Sets 2.312ms
[2025-07-11T02:33:11.575+0000][10.555s] GC(3) Pause Cleanup
[2025-07-11T02:33:11.575+0000][10.556s] GC(3) Pause Cleanup 24M->24M(512M) 0.358ms
[2025-07-11T02:33:11.575+0000][10.556s] GC(3) User=0.00s Sys=0.00s Real=0.00s
[2025-07-11T02:33:11.575+0000][10.556s] GC(3) Concurrent Cleanup for Next Mark
[2025-07-11T02:33:11.576+0000][10.557s] GC(3) Concurrent Cleanup for Next Mark 0.670ms
[2025-07-11T02:33:11.576+0000][10.557s] GC(3) Concurrent Mark Cycle 17.173ms
[2025-07-11T02:33:13.201+0000][12.182s] GC(4) Pause Young (Concurrent Start) (Metadata GC Threshold)
[2025-07-11T02:33:13.202+0000][12.182s] GC(4) Using 13 workers of 13 for evacuation
[2025-07-11T02:33:13.213+0000][12.193s] GC(4)   Pre Evacuate Collection Set: 0.4ms
[2025-07-11T02:33:13.213+0000][12.193s] GC(4)   Merge Heap Roots: 0.3ms
[2025-07-11T02:33:13.213+0000][12.194s] GC(4)   Evacuate Collection Set: 7.9ms
[2025-07-11T02:33:13.213+0000][12.194s] GC(4)   Post Evacuate Collection Set: 2.2ms
[2025-07-11T02:33:13.213+0000][12.194s] GC(4)   Other: 0.3ms
[2025-07-11T02:33:13.213+0000][12.194s] GC(4) Eden regions: 113->0(290)
[2025-07-11T02:33:13.213+0000][12.194s] GC(4) Survivor regions: 11->17(39)
[2025-07-11T02:33:13.213+0000][12.194s] GC(4) Old regions: 9->9
[2025-07-11T02:33:13.213+0000][12.194s] GC(4) Archive regions: 2->2
[2025-07-11T02:33:13.213+0000][12.194s] GC(4) Humongous regions: 4->4
[2025-07-11T02:33:13.213+0000][12.194s] GC(4) Metaspace: 35932K(36288K)->35932K(36288K) NonClass: 31464K(31616K)->31464K(31616K) Class: 4467K(4672K)->4467K(4672K)
[2025-07-11T02:33:13.213+0000][12.194s] GC(4) Pause Young (Concurrent Start) (Metadata GC Threshold) 136M->30M(512M) 11.340ms
[2025-07-11T02:33:13.213+0000][12.194s] GC(4) User=0.09s Sys=0.02s Real=0.02s
[2025-07-11T02:33:13.213+0000][12.194s] GC(5) Concurrent Mark Cycle
[2025-07-11T02:33:13.213+0000][12.194s] GC(5) Concurrent Clear Claimed Marks
[2025-07-11T02:33:13.213+0000][12.194s] GC(5) Concurrent Clear Claimed Marks 0.061ms
[2025-07-11T02:33:13.213+0000][12.194s] GC(5) Concurrent Scan Root Regions
[2025-07-11T02:33:13.218+0000][12.198s] GC(5) Concurrent Scan Root Regions 4.626ms
[2025-07-11T02:33:13.218+0000][12.199s] GC(5) Concurrent Mark
[2025-07-11T02:33:13.218+0000][12.199s] GC(5) Concurrent Mark From Roots
[2025-07-11T02:33:13.218+0000][12.199s] GC(5) Using 3 workers of 3 for marking
[2025-07-11T02:33:13.225+0000][12.206s] GC(5) Concurrent Mark From Roots 7.559ms
[2025-07-11T02:33:13.225+0000][12.206s] GC(5) Concurrent Preclean
[2025-07-11T02:33:13.226+0000][12.207s] GC(5) Concurrent Preclean 0.656ms
[2025-07-11T02:33:13.227+0000][12.207s] GC(5) Pause Remark
[2025-07-11T02:33:13.231+0000][12.212s] GC(5) Pause Remark 32M->32M(512M) 4.101ms
[2025-07-11T02:33:13.231+0000][12.212s] GC(5) User=0.02s Sys=0.00s Real=0.00s
[2025-07-11T02:33:13.231+0000][12.212s] GC(5) Concurrent Mark 13.389ms
[2025-07-11T02:33:13.231+0000][12.212s] GC(5) Concurrent Rebuild Remembered Sets
[2025-07-11T02:33:13.237+0000][12.218s] GC(5) Concurrent Rebuild Remembered Sets 5.992ms
[2025-07-11T02:33:13.238+0000][12.218s] GC(5) Pause Cleanup
[2025-07-11T02:33:13.238+0000][12.219s] GC(5) Pause Cleanup 32M->32M(512M) 0.428ms
[2025-07-11T02:33:13.238+0000][12.219s] GC(5) User=0.00s Sys=0.00s Real=0.00s
[2025-07-11T02:33:13.238+0000][12.219s] GC(5) Concurrent Cleanup for Next Mark
[2025-07-11T02:33:13.239+0000][12.220s] GC(5) Concurrent Cleanup for Next Mark 0.842ms
[2025-07-11T02:33:13.239+0000][12.220s] GC(5) Concurrent Mark Cycle 26.383ms
[2025-07-11T02:33:15.949+0000][14.930s] Heap
[2025-07-11T02:33:15.949+0000][14.930s]  garbage-first heap   total 524288K, used 116925K [0x00000000e0000000, 0x0000000100000000)
[2025-07-11T02:33:15.949+0000][14.930s]   region size 1024K, 101 young (103424K), 17 survivors (17408K)
[2025-07-11T02:33:15.949+0000][14.930s]  Metaspace       used 44895K, committed 45376K, reserved 1114112K
[2025-07-11T02:33:15.949+0000][14.930s]   class space    used 5747K, committed 6016K, reserved 1048576K
