[2025-07-11T02:36:55.236+0000][0.008s] Using G1
[2025-07-11T02:36:55.344+0000][0.116s] Version: 17.0.15+6 (release)
[2025-07-11T02:36:55.344+0000][0.116s] CPUs: 16 total, 16 available
[2025-07-11T02:36:55.345+0000][0.116s] Memory: 7586M
[2025-07-11T02:36:55.345+0000][0.116s] Large Page Support: Disabled
[2025-07-11T02:36:55.345+0000][0.116s] NUMA Support: Disabled
[2025-07-11T02:36:55.345+0000][0.116s] Compressed Oops: Enabled (32-bit)
[2025-07-11T02:36:55.345+0000][0.116s] Heap Region Size: 1M
[2025-07-11T02:36:55.345+0000][0.116s] Heap Min Capacity: 512M
[2025-07-11T02:36:55.345+0000][0.116s] Heap Initial Capacity: 512M
[2025-07-11T02:36:55.345+0000][0.116s] Heap Max Capacity: 512M
[2025-07-11T02:36:55.345+0000][0.116s] Pre-touch: Enabled
[2025-07-11T02:36:55.345+0000][0.116s] Parallel Workers: 13
[2025-07-11T02:36:55.345+0000][0.116s] Concurrent Workers: 3
[2025-07-11T02:36:55.345+0000][0.116s] Concurrent Refinement Workers: 13
[2025-07-11T02:36:55.345+0000][0.116s] Periodic GC: Disabled
[2025-07-11T02:36:55.353+0000][0.125s] CDS archive(s) mapped at: [0x00007f960b000000-0x00007f960ba62000-0x00007f960ba62000), size 10887168, SharedBaseAddress: 0x00007f960b000000, ArchiveRelocationMode: 1.
[2025-07-11T02:36:55.353+0000][0.125s] Compressed class space mapped at: 0x00007f960c000000-0x00007f964c000000, reserved size: 1073741824
[2025-07-11T02:36:55.353+0000][0.125s] Narrow klass base: 0x00007f960b000000, Narrow klass shift: 0, Narrow klass range: 0x100000000
[2025-07-11T02:37:04.710+0000][9.481s] GC(0) Pause Young (Normal) (G1 Evacuation Pause)
[2025-07-11T02:37:04.710+0000][9.482s] GC(0) Using 12 workers of 13 for evacuation
[2025-07-11T02:37:04.716+0000][9.487s] GC(0)   Pre Evacuate Collection Set: 0.4ms
[2025-07-11T02:37:04.716+0000][9.488s] GC(0)   Merge Heap Roots: 0.3ms
[2025-07-11T02:37:04.716+0000][9.488s] GC(0)   Evacuate Collection Set: 3.6ms
[2025-07-11T02:37:04.717+0000][9.488s] GC(0)   Post Evacuate Collection Set: 1.5ms
[2025-07-11T02:37:04.717+0000][9.488s] GC(0)   Other: 0.3ms
[2025-07-11T02:37:04.717+0000][9.488s] GC(0) Eden regions: 29->0(60)
[2025-07-11T02:37:04.717+0000][9.488s] GC(0) Survivor regions: 0->4(4)
[2025-07-11T02:37:04.717+0000][9.488s] GC(0) Old regions: 0->0
[2025-07-11T02:37:04.717+0000][9.488s] GC(0) Archive regions: 2->2
[2025-07-11T02:37:04.717+0000][9.488s] GC(0) Humongous regions: 0->0
[2025-07-11T02:37:04.717+0000][9.488s] GC(0) Metaspace: 9470K(9728K)->9470K(9728K) NonClass: 8312K(8384K)->8312K(8384K) Class: 1157K(1344K)->1157K(1344K)
[2025-07-11T02:37:04.717+0000][9.488s] GC(0) Pause Young (Normal) (G1 Evacuation Pause) 29M->4M(512M) 6.793ms
[2025-07-11T02:37:04.717+0000][9.488s] GC(0) User=0.02s Sys=0.01s Real=0.00s
[2025-07-11T02:37:05.401+0000][10.172s] GC(1) Pause Young (Normal) (G1 Evacuation Pause)
[2025-07-11T02:37:05.401+0000][10.172s] GC(1) Using 13 workers of 13 for evacuation
[2025-07-11T02:37:05.408+0000][10.179s] GC(1)   Pre Evacuate Collection Set: 0.3ms
[2025-07-11T02:37:05.408+0000][10.179s] GC(1)   Merge Heap Roots: 0.3ms
[2025-07-11T02:37:05.408+0000][10.179s] GC(1)   Evacuate Collection Set: 5.1ms
[2025-07-11T02:37:05.408+0000][10.179s] GC(1)   Post Evacuate Collection Set: 1.2ms
[2025-07-11T02:37:05.408+0000][10.179s] GC(1)   Other: 0.2ms
[2025-07-11T02:37:05.408+0000][10.179s] GC(1) Eden regions: 60->0(227)
[2025-07-11T02:37:05.408+0000][10.179s] GC(1) Survivor regions: 4->8(8)
[2025-07-11T02:37:05.408+0000][10.179s] GC(1) Old regions: 0->6
[2025-07-11T02:37:05.408+0000][10.179s] GC(1) Archive regions: 2->2
[2025-07-11T02:37:05.408+0000][10.179s] GC(1) Humongous regions: 4->4
[2025-07-11T02:37:05.408+0000][10.179s] GC(1) Metaspace: 18067K(18368K)->18067K(18368K) NonClass: 15873K(16000K)->15873K(16000K) Class: 2194K(2368K)->2194K(2368K)
[2025-07-11T02:37:05.408+0000][10.179s] GC(1) Pause Young (Normal) (G1 Evacuation Pause) 68M->18M(512M) 7.275ms
[2025-07-11T02:37:05.408+0000][10.179s] GC(1) User=0.02s Sys=0.02s Real=0.01s
[2025-07-11T02:38:07.231+0000][77.485s] GC(2) Pause Young (Concurrent Start) (Metadata GC Threshold)
[2025-07-11T02:38:07.231+0000][77.485s] GC(2) Using 13 workers of 13 for evacuation
[2025-07-11T02:38:07.248+0000][77.502s] GC(2)   Pre Evacuate Collection Set: 0.4ms
[2025-07-11T02:38:07.249+0000][77.502s] GC(2)   Merge Heap Roots: 0.4ms
[2025-07-11T02:38:07.249+0000][77.502s] GC(2)   Evacuate Collection Set: 14.1ms
[2025-07-11T02:38:07.249+0000][77.502s] GC(2)   Post Evacuate Collection Set: 1.9ms
[2025-07-11T02:38:07.249+0000][77.502s] GC(2)   Other: 0.4ms
[2025-07-11T02:38:07.249+0000][77.502s] GC(2) Eden regions: 78->0(105)
[2025-07-11T02:38:07.249+0000][77.502s] GC(2) Survivor regions: 8->14(23)
[2025-07-11T02:38:07.249+0000][77.502s] GC(2) Old regions: 6->6
[2025-07-11T02:38:07.249+0000][77.502s] GC(2) Archive regions: 2->2
[2025-07-11T02:38:07.249+0000][77.502s] GC(2) Humongous regions: 4->4
[2025-07-11T02:38:07.249+0000][77.502s] GC(2) Metaspace: 21208K(21504K)->21208K(21504K) NonClass: 18616K(18752K)->18616K(18752K) Class: 2592K(2752K)->2592K(2752K)
[2025-07-11T02:38:07.249+0000][77.502s] GC(2) Pause Young (Concurrent Start) (Metadata GC Threshold) 96M->24M(512M) 17.551ms
[2025-07-11T02:38:07.249+0000][77.502s] GC(2) User=0.16s Sys=0.00s Real=0.02s
[2025-07-11T02:38:07.249+0000][77.503s] GC(3) Concurrent Mark Cycle
[2025-07-11T02:38:07.249+0000][77.503s] GC(3) Concurrent Clear Claimed Marks
[2025-07-11T02:38:07.249+0000][77.503s] GC(3) Concurrent Clear Claimed Marks 0.050ms
[2025-07-11T02:38:07.249+0000][77.503s] GC(3) Concurrent Scan Root Regions
[2025-07-11T02:38:07.255+0000][77.509s] GC(3) Concurrent Scan Root Regions 6.339ms
[2025-07-11T02:38:07.255+0000][77.509s] GC(3) Concurrent Mark
[2025-07-11T02:38:07.255+0000][77.509s] GC(3) Concurrent Mark From Roots
[2025-07-11T02:38:07.255+0000][77.509s] GC(3) Using 3 workers of 3 for marking
[2025-07-11T02:38:07.261+0000][77.515s] GC(3) Concurrent Mark From Roots 5.524ms
[2025-07-11T02:38:07.261+0000][77.515s] GC(3) Concurrent Preclean
[2025-07-11T02:38:07.261+0000][77.515s] GC(3) Concurrent Preclean 0.128ms
[2025-07-11T02:38:07.261+0000][77.515s] GC(3) Pause Remark
[2025-07-11T02:38:07.267+0000][77.521s] GC(3) Pause Remark 24M->24M(512M) 5.828ms
[2025-07-11T02:38:07.267+0000][77.521s] GC(3) User=0.03s Sys=0.01s Real=0.01s
[2025-07-11T02:38:07.268+0000][77.522s] GC(3) Concurrent Mark 12.689ms
[2025-07-11T02:38:07.268+0000][77.522s] GC(3) Concurrent Rebuild Remembered Sets
[2025-07-11T02:38:07.268+0000][77.522s] GC(3) Concurrent Rebuild Remembered Sets 0.015ms
[2025-07-11T02:38:07.268+0000][77.522s] GC(3) Pause Cleanup
[2025-07-11T02:38:07.269+0000][77.522s] GC(3) Pause Cleanup 24M->24M(512M) 0.055ms
[2025-07-11T02:38:07.269+0000][77.522s] GC(3) User=0.00s Sys=0.00s Real=0.00s
[2025-07-11T02:38:07.269+0000][77.522s] GC(3) Concurrent Cleanup for Next Mark
[2025-07-11T02:38:07.271+0000][77.525s] GC(3) Concurrent Cleanup for Next Mark 2.488ms
[2025-07-11T02:38:07.271+0000][77.525s] GC(3) Concurrent Mark Cycle 22.343ms
[2025-07-11T02:41:53.872+0000][328.709s] Heap
[2025-07-11T02:41:53.872+0000][328.710s]  garbage-first heap   total 524288K, used 39808K [0x00000000e0000000, 0x0000000100000000)
[2025-07-11T02:41:53.872+0000][328.710s]   region size 1024K, 29 young (29696K), 14 survivors (14336K)
[2025-07-11T02:41:53.872+0000][328.710s]  Metaspace       used 21653K, committed 22080K, reserved 1114112K
[2025-07-11T02:41:53.872+0000][328.710s]   class space    used 2638K, committed 2816K, reserved 1048576K
