[2025-07-11T02:43:21.559+0000][0.008s] Using G1
[2025-07-11T02:43:21.622+0000][0.071s] Version: 17.0.15+6 (release)
[2025-07-11T02:43:21.622+0000][0.071s] CPUs: 16 total, 16 available
[2025-07-11T02:43:21.622+0000][0.071s] Memory: 7586M
[2025-07-11T02:43:21.622+0000][0.071s] Large Page Support: Disabled
[2025-07-11T02:43:21.622+0000][0.071s] NUMA Support: Disabled
[2025-07-11T02:43:21.622+0000][0.071s] Compressed Oops: Enabled (32-bit)
[2025-07-11T02:43:21.622+0000][0.071s] Heap Region Size: 1M
[2025-07-11T02:43:21.622+0000][0.071s] Heap Min Capacity: 512M
[2025-07-11T02:43:21.622+0000][0.071s] Heap Initial Capacity: 512M
[2025-07-11T02:43:21.622+0000][0.071s] Heap Max Capacity: 512M
[2025-07-11T02:43:21.622+0000][0.071s] Pre-touch: Enabled
[2025-07-11T02:43:21.622+0000][0.071s] Parallel Workers: 13
[2025-07-11T02:43:21.622+0000][0.071s] Concurrent Workers: 3
[2025-07-11T02:43:21.622+0000][0.071s] Concurrent Refinement Workers: 13
[2025-07-11T02:43:21.622+0000][0.071s] Periodic GC: Disabled
[2025-07-11T02:43:21.630+0000][0.079s] CDS archive(s) mapped at: [0x00007fc67b000000-0x00007fc67ba62000-0x00007fc67ba62000), size 10887168, SharedBaseAddress: 0x00007fc67b000000, ArchiveRelocationMode: 1.
[2025-07-11T02:43:21.631+0000][0.079s] Compressed class space mapped at: 0x00007fc67c000000-0x00007fc6bc000000, reserved size: 1073741824
[2025-07-11T02:43:21.631+0000][0.080s] Narrow klass base: 0x00007fc67b000000, Narrow klass shift: 0, Narrow klass range: 0x100000000
[2025-07-11T02:43:31.215+0000][9.664s] GC(0) Pause Young (Normal) (G1 Evacuation Pause)
[2025-07-11T02:43:31.215+0000][9.664s] GC(0) Using 12 workers of 13 for evacuation
[2025-07-11T02:43:31.224+0000][9.673s] GC(0)   Pre Evacuate Collection Set: 0.3ms
[2025-07-11T02:43:31.224+0000][9.673s] GC(0)   Merge Heap Roots: 0.3ms
[2025-07-11T02:43:31.224+0000][9.673s] GC(0)   Evacuate Collection Set: 6.4ms
[2025-07-11T02:43:31.224+0000][9.673s] GC(0)   Post Evacuate Collection Set: 1.4ms
[2025-07-11T02:43:31.224+0000][9.673s] GC(0)   Other: 0.4ms
[2025-07-11T02:43:31.224+0000][9.673s] GC(0) Eden regions: 29->0(59)
[2025-07-11T02:43:31.224+0000][9.673s] GC(0) Survivor regions: 0->4(4)
[2025-07-11T02:43:31.224+0000][9.673s] GC(0) Old regions: 0->0
[2025-07-11T02:43:31.224+0000][9.673s] GC(0) Archive regions: 2->2
[2025-07-11T02:43:31.224+0000][9.673s] GC(0) Humongous regions: 0->0
[2025-07-11T02:43:31.224+0000][9.673s] GC(0) Metaspace: 9463K(9728K)->9463K(9728K) NonClass: 8307K(8384K)->8307K(8384K) Class: 1156K(1344K)->1156K(1344K)
[2025-07-11T02:43:31.224+0000][9.673s] GC(0) Pause Young (Normal) (G1 Evacuation Pause) 29M->4M(512M) 9.002ms
[2025-07-11T02:43:31.224+0000][9.673s] GC(0) User=0.07s Sys=0.00s Real=0.01s
[2025-07-11T02:43:31.924+0000][10.373s] GC(1) Pause Young (Normal) (G1 Evacuation Pause)
[2025-07-11T02:43:31.924+0000][10.373s] GC(1) Using 13 workers of 13 for evacuation
[2025-07-11T02:43:31.933+0000][10.382s] GC(1)   Pre Evacuate Collection Set: 0.4ms
[2025-07-11T02:43:31.933+0000][10.382s] GC(1)   Merge Heap Roots: 0.3ms
[2025-07-11T02:43:31.933+0000][10.382s] GC(1)   Evacuate Collection Set: 7.1ms
[2025-07-11T02:43:31.933+0000][10.382s] GC(1)   Post Evacuate Collection Set: 1.2ms
[2025-07-11T02:43:31.933+0000][10.382s] GC(1)   Other: 0.2ms
[2025-07-11T02:43:31.933+0000][10.382s] GC(1) Eden regions: 59->0(182)
[2025-07-11T02:43:31.933+0000][10.382s] GC(1) Survivor regions: 4->8(8)
[2025-07-11T02:43:31.933+0000][10.382s] GC(1) Old regions: 0->7
[2025-07-11T02:43:31.933+0000][10.382s] GC(1) Archive regions: 2->2
[2025-07-11T02:43:31.933+0000][10.382s] GC(1) Humongous regions: 4->4
[2025-07-11T02:43:31.933+0000][10.382s] GC(1) Metaspace: 18066K(18368K)->18066K(18368K) NonClass: 15872K(16000K)->15872K(16000K) Class: 2194K(2368K)->2194K(2368K)
[2025-07-11T02:43:31.933+0000][10.382s] GC(1) Pause Young (Normal) (G1 Evacuation Pause) 67M->18M(512M) 9.272ms
[2025-07-11T02:43:31.933+0000][10.382s] GC(1) User=0.07s Sys=0.00s Real=0.01s
[2025-07-11T02:44:13.782+0000][57.691s] Heap
[2025-07-11T02:44:13.782+0000][57.691s]  garbage-first heap   total 524288K, used 95131K [0x00000000e0000000, 0x0000000100000000)
[2025-07-11T02:44:13.782+0000][57.691s]   region size 1024K, 82 young (83968K), 8 survivors (8192K)
[2025-07-11T02:44:13.782+0000][57.691s]  Metaspace       used 20338K, committed 20672K, reserved 1114112K
[2025-07-11T02:44:13.782+0000][57.691s]   class space    used 2480K, committed 2624K, reserved 1048576K
