[2025-07-11T02:42:02.277+0000][0.012s] Using G1
[2025-07-11T02:42:02.345+0000][0.080s] Version: 17.0.15+6 (release)
[2025-07-11T02:42:02.345+0000][0.080s] CPUs: 16 total, 16 available
[2025-07-11T02:42:02.345+0000][0.080s] Memory: 7586M
[2025-07-11T02:42:02.345+0000][0.080s] Large Page Support: Disabled
[2025-07-11T02:42:02.345+0000][0.080s] NUMA Support: Disabled
[2025-07-11T02:42:02.345+0000][0.080s] Compressed Oops: Enabled (32-bit)
[2025-07-11T02:42:02.345+0000][0.080s] Heap Region Size: 1M
[2025-07-11T02:42:02.345+0000][0.080s] Heap Min Capacity: 512M
[2025-07-11T02:42:02.345+0000][0.080s] Heap Initial Capacity: 512M
[2025-07-11T02:42:02.345+0000][0.080s] Heap Max Capacity: 512M
[2025-07-11T02:42:02.345+0000][0.080s] Pre-touch: Enabled
[2025-07-11T02:42:02.345+0000][0.080s] Parallel Workers: 13
[2025-07-11T02:42:02.345+0000][0.080s] Concurrent Workers: 3
[2025-07-11T02:42:02.345+0000][0.080s] Concurrent Refinement Workers: 13
[2025-07-11T02:42:02.345+0000][0.080s] Periodic GC: Disabled
[2025-07-11T02:42:02.357+0000][0.091s] CDS archive(s) mapped at: [0x00007f4b1b000000-0x00007f4b1ba62000-0x00007f4b1ba62000), size 10887168, SharedBaseAddress: 0x00007f4b1b000000, ArchiveRelocationMode: 1.
[2025-07-11T02:42:02.357+0000][0.092s] Compressed class space mapped at: 0x00007f4b1c000000-0x00007f4b5c000000, reserved size: 1073741824
[2025-07-11T02:42:02.357+0000][0.092s] Narrow klass base: 0x00007f4b1b000000, Narrow klass shift: 0, Narrow klass range: 0x100000000
[2025-07-11T02:42:12.483+0000][10.217s] GC(0) Pause Young (Normal) (G1 Evacuation Pause)
[2025-07-11T02:42:12.483+0000][10.217s] GC(0) Using 12 workers of 13 for evacuation
[2025-07-11T02:42:12.487+0000][10.222s] GC(0)   Pre Evacuate Collection Set: 0.4ms
[2025-07-11T02:42:12.487+0000][10.222s] GC(0)   Merge Heap Roots: 0.3ms
[2025-07-11T02:42:12.487+0000][10.222s] GC(0)   Evacuate Collection Set: 3.0ms
[2025-07-11T02:42:12.487+0000][10.222s] GC(0)   Post Evacuate Collection Set: 0.9ms
[2025-07-11T02:42:12.487+0000][10.222s] GC(0)   Other: 0.2ms
[2025-07-11T02:42:12.487+0000][10.222s] GC(0) Eden regions: 29->0(61)
[2025-07-11T02:42:12.487+0000][10.222s] GC(0) Survivor regions: 0->4(4)
[2025-07-11T02:42:12.487+0000][10.222s] GC(0) Old regions: 0->0
[2025-07-11T02:42:12.487+0000][10.222s] GC(0) Archive regions: 2->2
[2025-07-11T02:42:12.487+0000][10.222s] GC(0) Humongous regions: 0->0
[2025-07-11T02:42:12.487+0000][10.222s] GC(0) Metaspace: 9465K(9728K)->9465K(9728K) NonClass: 8308K(8384K)->8308K(8384K) Class: 1156K(1344K)->1156K(1344K)
[2025-07-11T02:42:12.488+0000][10.222s] GC(0) Pause Young (Normal) (G1 Evacuation Pause) 29M->4M(512M) 4.936ms
[2025-07-11T02:42:12.488+0000][10.222s] GC(0) User=0.02s Sys=0.00s Real=0.00s
[2025-07-11T02:42:13.130+0000][10.865s] GC(1) Pause Young (Normal) (G1 Evacuation Pause)
[2025-07-11T02:42:13.130+0000][10.865s] GC(1) Using 13 workers of 13 for evacuation
[2025-07-11T02:42:13.139+0000][10.873s] GC(1)   Pre Evacuate Collection Set: 0.4ms
[2025-07-11T02:42:13.139+0000][10.873s] GC(1)   Merge Heap Roots: 0.3ms
[2025-07-11T02:42:13.139+0000][10.873s] GC(1)   Evacuate Collection Set: 6.5ms
[2025-07-11T02:42:13.139+0000][10.873s] GC(1)   Post Evacuate Collection Set: 1.3ms
[2025-07-11T02:42:13.139+0000][10.873s] GC(1)   Other: 0.2ms
[2025-07-11T02:42:13.139+0000][10.873s] GC(1) Eden regions: 61->0(161)
[2025-07-11T02:42:13.139+0000][10.873s] GC(1) Survivor regions: 4->9(9)
[2025-07-11T02:42:13.139+0000][10.873s] GC(1) Old regions: 0->5
[2025-07-11T02:42:13.139+0000][10.873s] GC(1) Archive regions: 2->2
[2025-07-11T02:42:13.139+0000][10.873s] GC(1) Humongous regions: 4->4
[2025-07-11T02:42:13.139+0000][10.873s] GC(1) Metaspace: 18037K(18368K)->18037K(18368K) NonClass: 15842K(16000K)->15842K(16000K) Class: 2194K(2368K)->2194K(2368K)
[2025-07-11T02:42:13.139+0000][10.873s] GC(1) Pause Young (Normal) (G1 Evacuation Pause) 69M->18M(512M) 8.891ms
[2025-07-11T02:42:13.139+0000][10.873s] GC(1) User=0.04s Sys=0.02s Real=0.01s
[2025-07-11T02:43:14.136+0000][80.023s] Heap
[2025-07-11T02:43:14.136+0000][80.023s]  garbage-first heap   total 524288K, used 95084K [0x00000000e0000000, 0x0000000100000000)
[2025-07-11T02:43:14.136+0000][80.023s]   region size 1024K, 83 young (84992K), 9 survivors (9216K)
[2025-07-11T02:43:14.136+0000][80.023s]  Metaspace       used 20335K, committed 20672K, reserved 1114112K
[2025-07-11T02:43:14.136+0000][80.023s]   class space    used 2480K, committed 2624K, reserved 1048576K
