[2025-07-11T02:32:33.215+0000][0.008s] Using G1
[2025-07-11T02:32:33.269+0000][0.062s] Version: 17.0.15+6 (release)
[2025-07-11T02:32:33.269+0000][0.062s] CPUs: 16 total, 16 available
[2025-07-11T02:32:33.269+0000][0.062s] Memory: 7586M
[2025-07-11T02:32:33.269+0000][0.062s] Large Page Support: Disabled
[2025-07-11T02:32:33.269+0000][0.062s] NUMA Support: Disabled
[2025-07-11T02:32:33.269+0000][0.062s] Compressed Oops: Enabled (32-bit)
[2025-07-11T02:32:33.269+0000][0.063s] Heap Region Size: 1M
[2025-07-11T02:32:33.269+0000][0.063s] Heap Min Capacity: 512M
[2025-07-11T02:32:33.269+0000][0.063s] Heap Initial Capacity: 512M
[2025-07-11T02:32:33.269+0000][0.063s] Heap Max Capacity: 512M
[2025-07-11T02:32:33.269+0000][0.063s] Pre-touch: Enabled
[2025-07-11T02:32:33.269+0000][0.063s] Parallel Workers: 13
[2025-07-11T02:32:33.269+0000][0.063s] Concurrent Workers: 3
[2025-07-11T02:32:33.269+0000][0.063s] Concurrent Refinement Workers: 13
[2025-07-11T02:32:33.269+0000][0.063s] Periodic GC: Disabled
[2025-07-11T02:32:33.276+0000][0.069s] CDS archive(s) mapped at: [0x00007fe427000000-0x00007fe427a62000-0x00007fe427a62000), size 10887168, SharedBaseAddress: 0x00007fe427000000, ArchiveRelocationMode: 1.
[2025-07-11T02:32:33.276+0000][0.069s] Compressed class space mapped at: 0x00007fe428000000-0x00007fe468000000, reserved size: 1073741824
[2025-07-11T02:32:33.276+0000][0.069s] Narrow klass base: 0x00007fe427000000, Narrow klass shift: 0, Narrow klass range: 0x100000000
[2025-07-11T02:32:39.449+0000][9.006s] GC(0) Pause Young (Normal) (G1 Evacuation Pause)
[2025-07-11T02:32:39.449+0000][9.006s] GC(0) Using 12 workers of 13 for evacuation
[2025-07-11T02:32:39.455+0000][9.011s] GC(0)   Pre Evacuate Collection Set: 0.5ms
[2025-07-11T02:32:39.455+0000][9.011s] GC(0)   Merge Heap Roots: 0.3ms
[2025-07-11T02:32:39.455+0000][9.011s] GC(0)   Evacuate Collection Set: 3.3ms
[2025-07-11T02:32:39.455+0000][9.011s] GC(0)   Post Evacuate Collection Set: 1.1ms
[2025-07-11T02:32:39.455+0000][9.011s] GC(0)   Other: 0.2ms
[2025-07-11T02:32:39.455+0000][9.011s] GC(0) Eden regions: 29->0(61)
[2025-07-11T02:32:39.455+0000][9.011s] GC(0) Survivor regions: 0->4(4)
[2025-07-11T02:32:39.455+0000][9.011s] GC(0) Old regions: 0->0
[2025-07-11T02:32:39.455+0000][9.011s] GC(0) Archive regions: 2->2
[2025-07-11T02:32:39.455+0000][9.011s] GC(0) Humongous regions: 0->0
[2025-07-11T02:32:39.455+0000][9.011s] GC(0) Metaspace: 9468K(9728K)->9468K(9728K) NonClass: 8312K(8384K)->8312K(8384K) Class: 1156K(1344K)->1156K(1344K)
[2025-07-11T02:32:39.455+0000][9.011s] GC(0) Pause Young (Normal) (G1 Evacuation Pause) 29M->4M(512M) 5.576ms
[2025-07-11T02:32:39.455+0000][9.011s] GC(0) User=0.01s Sys=0.00s Real=0.00s
[2025-07-11T02:32:40.113+0000][9.670s] GC(1) Pause Young (Normal) (G1 Evacuation Pause)
[2025-07-11T02:32:40.113+0000][9.670s] GC(1) Using 13 workers of 13 for evacuation
[2025-07-11T02:32:40.122+0000][9.678s] GC(1)   Pre Evacuate Collection Set: 0.3ms
[2025-07-11T02:32:40.122+0000][9.678s] GC(1)   Merge Heap Roots: 0.2ms
[2025-07-11T02:32:40.122+0000][9.678s] GC(1)   Evacuate Collection Set: 6.5ms
[2025-07-11T02:32:40.122+0000][9.678s] GC(1)   Post Evacuate Collection Set: 1.3ms
[2025-07-11T02:32:40.122+0000][9.678s] GC(1)   Other: 0.2ms
[2025-07-11T02:32:40.122+0000][9.678s] GC(1) Eden regions: 61->0(153)
[2025-07-11T02:32:40.122+0000][9.678s] GC(1) Survivor regions: 4->9(9)
[2025-07-11T02:32:40.122+0000][9.678s] GC(1) Old regions: 0->6
[2025-07-11T02:32:40.122+0000][9.678s] GC(1) Archive regions: 2->2
[2025-07-11T02:32:40.122+0000][9.678s] GC(1) Humongous regions: 4->4
[2025-07-11T02:32:40.122+0000][9.678s] GC(1) Metaspace: 18061K(18368K)->18061K(18368K) NonClass: 15866K(16000K)->15866K(16000K) Class: 2194K(2368K)->2194K(2368K)
[2025-07-11T02:32:40.122+0000][9.678s] GC(1) Pause Young (Normal) (G1 Evacuation Pause) 69M->18M(512M) 8.652ms
[2025-07-11T02:32:40.122+0000][9.678s] GC(1) User=0.05s Sys=0.00s Real=0.01s
[2025-07-11T02:32:40.543+0000][10.099s] GC(2) Pause Young (Concurrent Start) (Metadata GC Threshold)
[2025-07-11T02:32:40.543+0000][10.099s] GC(2) Using 13 workers of 13 for evacuation
[2025-07-11T02:32:40.549+0000][10.106s] GC(2)   Pre Evacuate Collection Set: 0.5ms
[2025-07-11T02:32:40.549+0000][10.106s] GC(2)   Merge Heap Roots: 0.3ms
[2025-07-11T02:32:40.549+0000][10.106s] GC(2)   Evacuate Collection Set: 3.9ms
[2025-07-11T02:32:40.549+0000][10.106s] GC(2)   Post Evacuate Collection Set: 1.4ms
[2025-07-11T02:32:40.549+0000][10.106s] GC(2)   Other: 0.6ms
[2025-07-11T02:32:40.549+0000][10.106s] GC(2) Eden regions: 75->0(236)
[2025-07-11T02:32:40.549+0000][10.106s] GC(2) Survivor regions: 9->15(21)
[2025-07-11T02:32:40.549+0000][10.106s] GC(2) Old regions: 6->6
[2025-07-11T02:32:40.549+0000][10.106s] GC(2) Archive regions: 2->2
[2025-07-11T02:32:40.549+0000][10.106s] GC(2) Humongous regions: 4->4
[2025-07-11T02:32:40.550+0000][10.106s] GC(2) Metaspace: 21265K(21504K)->21265K(21504K) NonClass: 18680K(18816K)->18680K(18816K) Class: 2584K(2688K)->2584K(2688K)
[2025-07-11T02:32:40.550+0000][10.106s] GC(2) Pause Young (Concurrent Start) (Metadata GC Threshold) 93M->24M(512M) 6.820ms
[2025-07-11T02:32:40.550+0000][10.106s] GC(2) User=0.03s Sys=0.00s Real=0.01s
[2025-07-11T02:32:40.550+0000][10.106s] GC(3) Concurrent Mark Cycle
[2025-07-11T02:32:40.550+0000][10.106s] GC(3) Concurrent Clear Claimed Marks
[2025-07-11T02:32:40.550+0000][10.106s] GC(3) Concurrent Clear Claimed Marks 0.045ms
[2025-07-11T02:32:40.550+0000][10.106s] GC(3) Concurrent Scan Root Regions
[2025-07-11T02:32:40.552+0000][10.109s] GC(3) Concurrent Scan Root Regions 2.608ms
[2025-07-11T02:32:40.552+0000][10.109s] GC(3) Concurrent Mark
[2025-07-11T02:32:40.552+0000][10.109s] GC(3) Concurrent Mark From Roots
[2025-07-11T02:32:40.552+0000][10.109s] GC(3) Using 3 workers of 3 for marking
[2025-07-11T02:32:40.558+0000][10.114s] GC(3) Concurrent Mark From Roots 5.095ms
[2025-07-11T02:32:40.558+0000][10.114s] GC(3) Concurrent Preclean
[2025-07-11T02:32:40.558+0000][10.114s] GC(3) Concurrent Preclean 0.149ms
[2025-07-11T02:32:40.558+0000][10.114s] GC(3) Pause Remark
[2025-07-11T02:32:40.563+0000][10.119s] GC(3) Pause Remark 24M->24M(512M) 4.463ms
[2025-07-11T02:32:40.563+0000][10.119s] GC(3) User=0.01s Sys=0.00s Real=0.00s
[2025-07-11T02:32:40.563+0000][10.119s] GC(3) Concurrent Mark 10.419ms
[2025-07-11T02:32:40.563+0000][10.119s] GC(3) Concurrent Rebuild Remembered Sets
[2025-07-11T02:32:40.565+0000][10.121s] GC(3) Concurrent Rebuild Remembered Sets 2.215ms
[2025-07-11T02:32:40.565+0000][10.122s] GC(3) Pause Cleanup
[2025-07-11T02:32:40.566+0000][10.122s] GC(3) Pause Cleanup 24M->24M(512M) 0.474ms
[2025-07-11T02:32:40.566+0000][10.122s] GC(3) User=0.00s Sys=0.00s Real=0.00s
[2025-07-11T02:32:40.566+0000][10.122s] GC(3) Concurrent Cleanup for Next Mark
[2025-07-11T02:32:40.567+0000][10.123s] GC(3) Concurrent Cleanup for Next Mark 1.062ms
[2025-07-11T02:32:40.567+0000][10.123s] GC(3) Concurrent Mark Cycle 17.571ms
