[2025-07-11T02:34:58.712+0000][0.006s] Using G1
[2025-07-11T02:34:58.778+0000][0.073s] Version: 17.0.15+6 (release)
[2025-07-11T02:34:58.779+0000][0.073s] CPUs: 16 total, 16 available
[2025-07-11T02:34:58.779+0000][0.074s] Memory: 7586M
[2025-07-11T02:34:58.779+0000][0.074s] Large Page Support: Disabled
[2025-07-11T02:34:58.779+0000][0.074s] NUMA Support: Disabled
[2025-07-11T02:34:58.779+0000][0.074s] Compressed Oops: Enabled (32-bit)
[2025-07-11T02:34:58.779+0000][0.074s] Heap Region Size: 1M
[2025-07-11T02:34:58.779+0000][0.074s] Heap Min Capacity: 512M
[2025-07-11T02:34:58.779+0000][0.074s] Heap Initial Capacity: 512M
[2025-07-11T02:34:58.779+0000][0.074s] Heap Max Capacity: 512M
[2025-07-11T02:34:58.779+0000][0.074s] Pre-touch: Enabled
[2025-07-11T02:34:58.779+0000][0.074s] Parallel Workers: 13
[2025-07-11T02:34:58.779+0000][0.074s] Concurrent Workers: 3
[2025-07-11T02:34:58.779+0000][0.074s] Concurrent Refinement Workers: 13
[2025-07-11T02:34:58.779+0000][0.074s] Periodic GC: Disabled
[2025-07-11T02:34:58.787+0000][0.082s] CDS archive(s) mapped at: [0x00007fa8c3000000-0x00007fa8c3a62000-0x00007fa8c3a62000), size 10887168, SharedBaseAddress: 0x00007fa8c3000000, ArchiveRelocationMode: 1.
[2025-07-11T02:34:58.787+0000][0.082s] Compressed class space mapped at: 0x00007fa8c4000000-0x00007fa904000000, reserved size: 1073741824
[2025-07-11T02:34:58.787+0000][0.082s] Narrow klass base: 0x00007fa8c3000000, Narrow klass shift: 0, Narrow klass range: 0x100000000
[2025-07-11T02:35:08.897+0000][10.192s] GC(0) Pause Young (Normal) (G1 Evacuation Pause)
[2025-07-11T02:35:08.897+0000][10.192s] GC(0) Using 12 workers of 13 for evacuation
[2025-07-11T02:35:08.905+0000][10.199s] GC(0)   Pre Evacuate Collection Set: 0.4ms
[2025-07-11T02:35:08.905+0000][10.199s] GC(0)   Merge Heap Roots: 0.3ms
[2025-07-11T02:35:08.905+0000][10.199s] GC(0)   Evacuate Collection Set: 5.8ms
[2025-07-11T02:35:08.905+0000][10.199s] GC(0)   Post Evacuate Collection Set: 1.0ms
[2025-07-11T02:35:08.905+0000][10.199s] GC(0)   Other: 0.2ms
[2025-07-11T02:35:08.905+0000][10.199s] GC(0) Eden regions: 29->0(58)
[2025-07-11T02:35:08.905+0000][10.199s] GC(0) Survivor regions: 0->4(4)
[2025-07-11T02:35:08.905+0000][10.199s] GC(0) Old regions: 0->0
[2025-07-11T02:35:08.905+0000][10.199s] GC(0) Archive regions: 2->2
[2025-07-11T02:35:08.905+0000][10.199s] GC(0) Humongous regions: 0->0
[2025-07-11T02:35:08.905+0000][10.199s] GC(0) Metaspace: 9463K(9728K)->9463K(9728K) NonClass: 8306K(8384K)->8306K(8384K) Class: 1156K(1344K)->1156K(1344K)
[2025-07-11T02:35:08.905+0000][10.200s] GC(0) Pause Young (Normal) (G1 Evacuation Pause) 29M->4M(512M) 7.805ms
[2025-07-11T02:35:08.905+0000][10.200s] GC(0) User=0.08s Sys=0.00s Real=0.01s
[2025-07-11T02:35:09.580+0000][10.875s] GC(1) Pause Young (Normal) (G1 Evacuation Pause)
[2025-07-11T02:35:09.580+0000][10.875s] GC(1) Using 13 workers of 13 for evacuation
[2025-07-11T02:35:09.593+0000][10.888s] GC(1)   Pre Evacuate Collection Set: 0.5ms
[2025-07-11T02:35:09.593+0000][10.888s] GC(1)   Merge Heap Roots: 0.3ms
[2025-07-11T02:35:09.593+0000][10.888s] GC(1)   Evacuate Collection Set: 10.2ms
[2025-07-11T02:35:09.593+0000][10.888s] GC(1)   Post Evacuate Collection Set: 1.5ms
[2025-07-11T02:35:09.593+0000][10.888s] GC(1)   Other: 0.3ms
[2025-07-11T02:35:09.593+0000][10.888s] GC(1) Eden regions: 58->0(176)
[2025-07-11T02:35:09.593+0000][10.888s] GC(1) Survivor regions: 4->8(8)
[2025-07-11T02:35:09.593+0000][10.888s] GC(1) Old regions: 0->6
[2025-07-11T02:35:09.593+0000][10.888s] GC(1) Archive regions: 2->2
[2025-07-11T02:35:09.593+0000][10.888s] GC(1) Humongous regions: 4->4
[2025-07-11T02:35:09.593+0000][10.888s] GC(1) Metaspace: 18058K(18368K)->18058K(18368K) NonClass: 15863K(16000K)->15863K(16000K) Class: 2194K(2368K)->2194K(2368K)
[2025-07-11T02:35:09.593+0000][10.888s] GC(1) Pause Young (Normal) (G1 Evacuation Pause) 66M->18M(512M) 12.986ms
[2025-07-11T02:35:09.593+0000][10.888s] GC(1) User=0.09s Sys=0.02s Real=0.02s
[2025-07-11T02:35:10.057+0000][11.352s] GC(2) Pause Young (Concurrent Start) (Metadata GC Threshold)
[2025-07-11T02:35:10.057+0000][11.352s] GC(2) Using 13 workers of 13 for evacuation
[2025-07-11T02:35:10.065+0000][11.360s] GC(2)   Pre Evacuate Collection Set: 0.5ms
[2025-07-11T02:35:10.065+0000][11.360s] GC(2)   Merge Heap Roots: 0.3ms
[2025-07-11T02:35:10.065+0000][11.360s] GC(2)   Evacuate Collection Set: 5.6ms
[2025-07-11T02:35:10.065+0000][11.360s] GC(2)   Post Evacuate Collection Set: 1.1ms
[2025-07-11T02:35:10.065+0000][11.360s] GC(2)   Other: 0.6ms
[2025-07-11T02:35:10.065+0000][11.360s] GC(2) Eden regions: 78->0(120)
[2025-07-11T02:35:10.065+0000][11.360s] GC(2) Survivor regions: 8->14(17)
[2025-07-11T02:35:10.065+0000][11.360s] GC(2) Old regions: 6->6
[2025-07-11T02:35:10.065+0000][11.360s] GC(2) Archive regions: 2->2
[2025-07-11T02:35:10.065+0000][11.360s] GC(2) Humongous regions: 4->4
[2025-07-11T02:35:10.065+0000][11.360s] GC(2) Metaspace: 21263K(21504K)->21263K(21504K) NonClass: 18682K(18816K)->18682K(18816K) Class: 2581K(2688K)->2581K(2688K)
[2025-07-11T02:35:10.065+0000][11.360s] GC(2) Pause Young (Concurrent Start) (Metadata GC Threshold) 96M->23M(512M) 8.183ms
[2025-07-11T02:35:10.065+0000][11.360s] GC(2) User=0.06s Sys=0.00s Real=0.01s
[2025-07-11T02:35:10.065+0000][11.360s] GC(3) Concurrent Mark Cycle
[2025-07-11T02:35:10.065+0000][11.360s] GC(3) Concurrent Clear Claimed Marks
[2025-07-11T02:35:10.065+0000][11.360s] GC(3) Concurrent Clear Claimed Marks 0.031ms
[2025-07-11T02:35:10.065+0000][11.360s] GC(3) Concurrent Scan Root Regions
[2025-07-11T02:35:10.068+0000][11.363s] GC(3) Concurrent Scan Root Regions 2.764ms
[2025-07-11T02:35:10.068+0000][11.363s] GC(3) Concurrent Mark
[2025-07-11T02:35:10.068+0000][11.363s] GC(3) Concurrent Mark From Roots
[2025-07-11T02:35:10.068+0000][11.363s] GC(3) Using 3 workers of 3 for marking
[2025-07-11T02:35:10.073+0000][11.368s] GC(3) Concurrent Mark From Roots 4.675ms
[2025-07-11T02:35:10.073+0000][11.368s] GC(3) Concurrent Preclean
[2025-07-11T02:35:10.073+0000][11.368s] GC(3) Concurrent Preclean 0.130ms
[2025-07-11T02:35:10.073+0000][11.368s] GC(3) Pause Remark
[2025-07-11T02:35:10.077+0000][11.372s] GC(3) Pause Remark 24M->24M(512M) 3.776ms
[2025-07-11T02:35:10.077+0000][11.372s] GC(3) User=0.02s Sys=0.01s Real=0.00s
[2025-07-11T02:35:10.077+0000][11.372s] GC(3) Concurrent Mark 9.135ms
[2025-07-11T02:35:10.077+0000][11.372s] GC(3) Concurrent Rebuild Remembered Sets
[2025-07-11T02:35:10.079+0000][11.374s] GC(3) Concurrent Rebuild Remembered Sets 1.967ms
[2025-07-11T02:35:10.080+0000][11.375s] GC(3) Pause Cleanup
[2025-07-11T02:35:10.080+0000][11.375s] GC(3) Pause Cleanup 24M->24M(512M) 0.332ms
[2025-07-11T02:35:10.080+0000][11.375s] GC(3) User=0.00s Sys=0.00s Real=0.00s
[2025-07-11T02:35:10.080+0000][11.375s] GC(3) Concurrent Cleanup for Next Mark
[2025-07-11T02:35:10.082+0000][11.376s] GC(3) Concurrent Cleanup for Next Mark 1.429ms
[2025-07-11T02:35:10.082+0000][11.377s] GC(3) Concurrent Mark Cycle 16.609ms
[2025-07-11T02:35:11.371+0000][12.666s] GC(4) Pause Young (Concurrent Start) (Metadata GC Threshold)
[2025-07-11T02:35:11.371+0000][12.666s] GC(4) Using 13 workers of 13 for evacuation
[2025-07-11T02:35:11.381+0000][12.676s] GC(4)   Pre Evacuate Collection Set: 0.4ms
[2025-07-11T02:35:11.381+0000][12.676s] GC(4)   Merge Heap Roots: 0.3ms
[2025-07-11T02:35:11.381+0000][12.676s] GC(4)   Evacuate Collection Set: 7.3ms
[2025-07-11T02:35:11.381+0000][12.676s] GC(4)   Post Evacuate Collection Set: 2.1ms
[2025-07-11T02:35:11.381+0000][12.676s] GC(4)   Other: 0.3ms
[2025-07-11T02:35:11.381+0000][12.676s] GC(4) Eden regions: 96->0(296)
[2025-07-11T02:35:11.381+0000][12.676s] GC(4) Survivor regions: 14->11(16)
[2025-07-11T02:35:11.381+0000][12.676s] GC(4) Old regions: 6->14
[2025-07-11T02:35:11.381+0000][12.676s] GC(4) Archive regions: 2->2
[2025-07-11T02:35:11.381+0000][12.676s] GC(4) Humongous regions: 4->4
[2025-07-11T02:35:11.381+0000][12.676s] GC(4) Metaspace: 35883K(36288K)->35883K(36288K) NonClass: 31416K(31616K)->31416K(31616K) Class: 4467K(4672K)->4467K(4672K)
[2025-07-11T02:35:11.381+0000][12.676s] GC(4) Pause Young (Concurrent Start) (Metadata GC Threshold) 119M->29M(512M) 10.531ms
[2025-07-11T02:35:11.381+0000][12.676s] GC(4) User=0.10s Sys=0.01s Real=0.02s
[2025-07-11T02:35:11.381+0000][12.676s] GC(5) Concurrent Mark Cycle
[2025-07-11T02:35:11.382+0000][12.676s] GC(5) Concurrent Clear Claimed Marks
[2025-07-11T02:35:11.382+0000][12.676s] GC(5) Concurrent Clear Claimed Marks 0.050ms
[2025-07-11T02:35:11.382+0000][12.676s] GC(5) Concurrent Scan Root Regions
[2025-07-11T02:35:11.385+0000][12.680s] GC(5) Concurrent Scan Root Regions 3.299ms
[2025-07-11T02:35:11.385+0000][12.680s] GC(5) Concurrent Mark
[2025-07-11T02:35:11.385+0000][12.680s] GC(5) Concurrent Mark From Roots
[2025-07-11T02:35:11.385+0000][12.680s] GC(5) Using 3 workers of 3 for marking
[2025-07-11T02:35:11.390+0000][12.685s] GC(5) Concurrent Mark From Roots 5.282ms
[2025-07-11T02:35:11.390+0000][12.685s] GC(5) Concurrent Preclean
[2025-07-11T02:35:11.391+0000][12.685s] GC(5) Concurrent Preclean 0.152ms
[2025-07-11T02:35:11.391+0000][12.686s] GC(5) Pause Remark
[2025-07-11T02:35:11.394+0000][12.689s] GC(5) Pause Remark 32M->32M(512M) 3.162ms
[2025-07-11T02:35:11.394+0000][12.689s] GC(5) User=0.04s Sys=0.01s Real=0.01s
[2025-07-11T02:35:11.394+0000][12.689s] GC(5) Concurrent Mark 9.400ms
[2025-07-11T02:35:11.394+0000][12.689s] GC(5) Concurrent Rebuild Remembered Sets
[2025-07-11T02:35:11.394+0000][12.689s] GC(5) Concurrent Rebuild Remembered Sets 0.017ms
[2025-07-11T02:35:11.395+0000][12.689s] GC(5) Pause Cleanup
[2025-07-11T02:35:11.395+0000][12.689s] GC(5) Pause Cleanup 32M->32M(512M) 0.053ms
[2025-07-11T02:35:11.395+0000][12.689s] GC(5) User=0.00s Sys=0.00s Real=0.00s
[2025-07-11T02:35:11.395+0000][12.690s] GC(5) Concurrent Cleanup for Next Mark
[2025-07-11T02:35:11.401+0000][12.695s] GC(5) Concurrent Cleanup for Next Mark 5.772ms
[2025-07-11T02:35:11.401+0000][12.696s] GC(5) Concurrent Mark Cycle 19.348ms
[2025-07-11T02:36:46.927+0000][119.145s] Heap
[2025-07-11T02:36:46.927+0000][119.146s]  garbage-first heap   total 524288K, used 139820K [0x00000000e0000000, 0x0000000100000000)
[2025-07-11T02:36:46.927+0000][119.146s]   region size 1024K, 118 young (120832K), 11 survivors (11264K)
[2025-07-11T02:36:46.927+0000][119.146s]  Metaspace       used 46029K, committed 46464K, reserved 1114112K
[2025-07-11T02:36:46.927+0000][119.146s]   class space    used 5870K, committed 6080K, reserved 1048576K
